******************************************************************************
                  TI ARM Linker PC v20.2.7                     
******************************************************************************
>> Linked Wed May  8 19:29:21 2024

OUTPUT FILE NAME:   <ece230finalSammonR_OlsonM.out>
ENTRY POINT SYMBOL: "_c_int00_noargs"  address: 0000136d


MEMORY CONFIGURATION

         name            origin    length      used     unused   attr    fill
----------------------  --------  ---------  --------  --------  ----  --------
  MAIN                  00000000   00200000  00001492  001feb6e  R  X
  INFO                  00200000   00008000  00000000  00008000  R  X
  SRAM_CODE             01000000   00040000  0000024c  0003fdb4  RW X
  SRAM_DATA             20000000   00040000  0000024c  0003fdb4  RW  


SEGMENT ALLOCATION MAP

run origin  load origin   length   init length attrs members
----------  ----------- ---------- ----------- ----- -------
00000000    00000000    00001498   00001498    r-x
  00000000    00000000    000000e8   000000e8    r-- .intvecs
  000000e8    000000e8    00001324   00001324    r-x .text
  0000140c    0000140c    00000056   00000056    r-- .const
  00001468    00001468    00000030   00000030    r-- .cinit
20000000    20000000    0000004c   00000000    rw-
  20000000    20000000    00000040   00000000    rw- .bss
  20000040    20000040    0000000c   00000000    rw- .data
2003fe00    2003fe00    00000200   00000000    rw-
  2003fe00    2003fe00    00000200   00000000    rw- .stack


SECTION ALLOCATION MAP

 output                                  attributes/
section   page    origin      length       input sections
--------  ----  ----------  ----------   ----------------
.intvecs   0    00000000    000000e8     
                  00000000    000000e8     startup_msp432p4111_ccs.obj (.intvecs:retain)

.text      0    000000e8    00001324     
                  000000e8    0000099c     multiLCD.obj (.text)
                  00000a84    00000350     system_msp432p4111.obj (.text)
                  00000dd4    000001a4     main.obj (.text)
                  00000f78    000000e8     csHFXT.obj (.text)
                  00001060    000000ac     sysTickDelays.obj (.text)
                  0000110c    0000009c     rtsv7M4_T_le_v4SPD16_eabi.lib : memcpy_t2.asm.obj (.text)
                  000011a8    00000096                                   : ull_div_t2.asm.obj (.text)
                  0000123e    00000002                                   : div0.asm.obj (.text)
                  00001240    00000080     csLFXT.obj (.text)
                  000012c0    00000068     rtsv7M4_T_le_v4SPD16_eabi.lib : copy_decompress_lzss.c.obj (.text:decompress:lzss:__TI_decompress_lzss)
                  00001328    00000044                                   : autoinit.c.obj (.text:__TI_auto_init_nobinit_nopinit:__TI_auto_init_nobinit_nopinit)
                  0000136c    00000034                                   : boot_cortex_m.c.obj (.text:_c_int00_noargs:_c_int00_noargs)
                  000013a0    0000001c                                   : copy_zero_init.c.obj (.text:decompress:ZI:__TI_zero_init_nomemset:__TI_zero_init_nomemset)
                  000013bc    00000018                                   : ll_mul_t2.asm.obj (.text)
                  000013d4    00000014                                   : strlen.c.obj (.text:strlen)
                  000013e8    0000000e                                   : copy_decompress_none.c.obj (.text:decompress:none:__TI_decompress_none)
                  000013f6    0000000e     startup_msp432p4111_ccs.obj (.text)
                  00001404    00000004     rtsv7M4_T_le_v4SPD16_eabi.lib : pre_init.c.obj (.text:_system_pre_init)
                  00001408    00000004                                   : exit.c.obj (.text:abort:abort)

.const     0    0000140c    00000056     
                  0000140c    0000002b     main.obj (.const:.string:leftLaneMap)
                  00001437    0000002b     main.obj (.const:.string:rightLaneMap)

.cinit     0    00001468    00000030     
                  00001468    0000000c     (__TI_handler_table)
                  00001474    0000000b     (.cinit..data.load) [load image, compression = lzss]
                  0000147f    00000001     --HOLE-- [fill = 0]
                  00001480    00000008     (.cinit..bss.load) [load image, compression = zero_init]
                  00001488    00000010     (__TI_cinit_table)

.init_array 
*          0    00000000    00000000     UNINITIALIZED

.binit     0    00000000    00000000     

.bss       0    20000000    00000040     UNINITIALIZED
                  20000000    0000001c     (.common:notelcd)
                  2000001c    00000010     (.common:leftLane)
                  2000002c    00000010     (.common:rightLane)
                  2000003c    00000004     (.common:mapPos)

.data      0    20000040    0000000c     UNINITIALIZED
                  20000040    00000008     sysTickDelays.obj (.data)
                  20000048    00000004     system_msp432p4111.obj (.data)

.stack     0    2003fe00    00000200     UNINITIALIZED
                  2003fe00    00000004     rtsv7M4_T_le_v4SPD16_eabi.lib : boot_cortex_m.c.obj (.stack)
                  2003fe04    000001fc     --HOLE--

__llvm_prf_cnts 
*          0    20000000    00000000     UNINITIALIZED

MODULE SUMMARY

       Module                        code   ro data   rw data
       ------                        ----   -------   -------
    .\
       multiLCD.obj                  2460   0         0      
       system_msp432p4111.obj        848    0         8      
       main.obj                      420    86        128    
       startup_msp432p4111_ccs.obj   14     232       0      
       csHFXT.obj                    232    0         0      
       sysTickDelays.obj             172    0         16     
       csLFXT.obj                    128    0         0      
    +--+-----------------------------+------+---------+---------+
       Total:                        4274   318       152    
                                                             
    C:\ti\ccs1260\ccs\tools\compiler\ti-cgt-arm_20.2.7.LTS\lib\rtsv7M4_T_le_v4SPD16_eabi.lib
       memcpy_t2.asm.obj             156    0         0      
       ull_div_t2.asm.obj            150    0         0      
       copy_decompress_lzss.c.obj    104    0         0      
       autoinit.c.obj                68     0         0      
       boot_cortex_m.c.obj           52     0         0      
       copy_zero_init.c.obj          28     0         0      
       ll_mul_t2.asm.obj             24     0         0      
       strlen.c.obj                  20     0         0      
       copy_decompress_none.c.obj    14     0         0      
       exit.c.obj                    4      0         0      
       pre_init.c.obj                4      0         0      
       div0.asm.obj                  2      0         0      
    +--+-----------------------------+------+---------+---------+
       Total:                        626    0         0      
                                                             
       Stack:                        0      0         1024   
       Linker Generated:             0      47        0      
    +--+-----------------------------+------+---------+---------+
       Grand Total:                  4900   365       1176   


LINKER GENERATED COPY TABLES

__TI_cinit_table @ 00001488 records: 2, size/record: 8, table size: 16
	.data: load addr=00001474, load size=0000000b bytes, run addr=20000040, run size=0000000c bytes, compression=lzss
	.bss: load addr=00001480, load size=00000008 bytes, run addr=20000000, run size=00000040 bytes, compression=zero_init


LINKER GENERATED HANDLER TABLE

__TI_handler_table @ 00001468 records: 3, size/record: 4, table size: 12
	index: 0, handler: __TI_decompress_lzss
	index: 1, handler: __TI_decompress_none
	index: 2, handler: __TI_zero_init


GLOBAL SYMBOLS: SORTED ALPHABETICALLY BY Name 

address   name                          
-------   ----                          
00001403  ADC14_IRQHandler              
00001403  AES256_IRQHandler             
00001403  BusFault_Handler              
00001409  C$$EXIT                       
00001403  COMP_E0_IRQHandler            
00001403  COMP_E1_IRQHandler            
00001403  CS_IRQHandler                 
00001403  DMA_ERR_IRQHandler            
00001403  DMA_INT0_IRQHandler           
00001403  DMA_INT1_IRQHandler           
00001403  DMA_INT2_IRQHandler           
00001403  DMA_INT3_IRQHandler           
00001403  DebugMon_Handler              
00001403  Default_Handler               
00001403  EUSCIA0_IRQHandler            
00001403  EUSCIA1_IRQHandler            
00001403  EUSCIA2_IRQHandler            
00001403  EUSCIA3_IRQHandler            
00001403  EUSCIB0_IRQHandler            
00001403  EUSCIB1_IRQHandler            
00001403  EUSCIB2_IRQHandler            
00001403  EUSCIB3_IRQHandler            
00001403  FLCTL_A_IRQHandler            
00001403  FPU_IRQHandler                
00001403  HardFault_Handler             
00001403  LCD_F_IRQHandler              
00001403  MemManage_Handler             
00001403  NMI_Handler                   
00001403  PCM_IRQHandler                
00001403  PORT1_IRQHandler              
00001403  PORT2_IRQHandler              
00001403  PORT3_IRQHandler              
00001403  PORT4_IRQHandler              
00001403  PORT5_IRQHandler              
00001403  PORT6_IRQHandler              
00001403  PSS_IRQHandler                
00001403  PendSV_Handler                
00001403  RTC_C_IRQHandler              
000013f7  Reset_Handler                 
00001403  SVC_Handler                   
00001403  SysTick_Handler               
20000048  SystemCoreClock               
00000a85  SystemCoreClockUpdate         
00000cfd  SystemInit                    
00001403  T32_INT1_IRQHandler           
00001403  T32_INT2_IRQHandler           
00001403  T32_INTC_IRQHandler           
00000e97  TA0_0_IRQHandler              
00000e97  TA0_0_IRQHandler              
00001403  TA0_N_IRQHandler              
00001403  TA1_0_IRQHandler              
00001403  TA1_N_IRQHandler              
00001403  TA2_0_IRQHandler              
00001403  TA2_N_IRQHandler              
00001403  TA3_0_IRQHandler              
00001403  TA3_N_IRQHandler              
00001403  UsageFault_Handler            
4000480c  WDTCTL_SYM                    
00001403  WDT_A_IRQHandler              
20040000  __STACK_END                   
00000200  __STACK_SIZE                  
00001488  __TI_CINIT_Base               
00001498  __TI_CINIT_Limit              
00001468  __TI_Handler_Table_Base       
00001474  __TI_Handler_Table_Limit      
00001329  __TI_auto_init_nobinit_nopinit
000012c1  __TI_decompress_lzss          
000013e9  __TI_decompress_none          
ffffffff  __TI_pprof_out_hndl           
ffffffff  __TI_prof_data_size           
ffffffff  __TI_prof_data_start          
00000000  __TI_static_base__            
000013a1  __TI_zero_init_nomemset       
0000123f  __aeabi_idiv0                 
0000123f  __aeabi_ldiv0                 
000013bd  __aeabi_lmul                  
0000110d  __aeabi_memcpy                
0000110d  __aeabi_memcpy4               
0000110d  __aeabi_memcpy8               
000011a9  __aeabi_uldivmod              
ffffffff  __binit__                     
ffffffff  __c_args__                    
UNDEFED   __mpu_init                    
2003fe00  __stack                       
20000000  __start___llvm_prf_cnts       
20000000  __stop___llvm_prf_cnts        
0000136d  _c_int00_noargs               
UNDEFED   _system_post_cinit            
00001405  _system_pre_init              
00001409  abort                         
ffffffff  binit                         
00000a09  clearDisplay                  
00000635  commandInstruction            
00000661  commandInstruction4bit        
00000f79  configHFXT                    
0000068d  configLCD                     
00001241  configLFXT                    
0000064b  dataInstruction               
00000677  dataInstruction4bit           
00001075  delayMicroSec                 
000010e5  delayMilliSec                 
00001019  error                         
00001061  initDelayTimer                
00000813  initLCD                       
000001b9  instructionDelay              
00000000  interruptVectors              
2000001c  leftLane                      
0000140c  leftLaneMap                   
00000e2b  main                          
2000003c  mapPos                        
0000110d  memcpy                        
00000a25  newLine                       
20000000  notelcd                       
0000092f  printCharLCD                  
000009d7  printStringLCD                
000001e7  readBusyFlag                  
000009cd  resetLCD                      
00000a17  returnCursor                  
2000002c  rightLane                     
00001437  rightLaneMap                  
00000151  setPinsIn                     
000000e9  setPinsOut                    
00000943  setPortLCD                    
00000dd5  setupNoteScrolling            
00000a33  shiftLCD                      
00000a5b  shiftRightLCD                 
000013d5  strlen                        
20000040  sysClkFreq                    
00000375  writeInstruction              
0000055f  writeInstruction4bit          


GLOBAL SYMBOLS: SORTED BY Symbol Address 

address   name                          
-------   ----                          
00000000  __TI_static_base__            
00000000  interruptVectors              
000000e9  setPinsOut                    
00000151  setPinsIn                     
000001b9  instructionDelay              
000001e7  readBusyFlag                  
00000200  __STACK_SIZE                  
00000375  writeInstruction              
0000055f  writeInstruction4bit          
00000635  commandInstruction            
0000064b  dataInstruction               
00000661  commandInstruction4bit        
00000677  dataInstruction4bit           
0000068d  configLCD                     
00000813  initLCD                       
0000092f  printCharLCD                  
00000943  setPortLCD                    
000009cd  resetLCD                      
000009d7  printStringLCD                
00000a09  clearDisplay                  
00000a17  returnCursor                  
00000a25  newLine                       
00000a33  shiftLCD                      
00000a5b  shiftRightLCD                 
00000a85  SystemCoreClockUpdate         
00000cfd  SystemInit                    
00000dd5  setupNoteScrolling            
00000e2b  main                          
00000e97  TA0_0_IRQHandler              
00000e97  TA0_0_IRQHandler              
00000f79  configHFXT                    
00001019  error                         
00001061  initDelayTimer                
00001075  delayMicroSec                 
000010e5  delayMilliSec                 
0000110d  __aeabi_memcpy                
0000110d  __aeabi_memcpy4               
0000110d  __aeabi_memcpy8               
0000110d  memcpy                        
000011a9  __aeabi_uldivmod              
0000123f  __aeabi_idiv0                 
0000123f  __aeabi_ldiv0                 
00001241  configLFXT                    
000012c1  __TI_decompress_lzss          
00001329  __TI_auto_init_nobinit_nopinit
0000136d  _c_int00_noargs               
000013a1  __TI_zero_init_nomemset       
000013bd  __aeabi_lmul                  
000013d5  strlen                        
000013e9  __TI_decompress_none          
000013f7  Reset_Handler                 
00001403  ADC14_IRQHandler              
00001403  AES256_IRQHandler             
00001403  BusFault_Handler              
00001403  COMP_E0_IRQHandler            
00001403  COMP_E1_IRQHandler            
00001403  CS_IRQHandler                 
00001403  DMA_ERR_IRQHandler            
00001403  DMA_INT0_IRQHandler           
00001403  DMA_INT1_IRQHandler           
00001403  DMA_INT2_IRQHandler           
00001403  DMA_INT3_IRQHandler           
00001403  DebugMon_Handler              
00001403  Default_Handler               
00001403  EUSCIA0_IRQHandler            
00001403  EUSCIA1_IRQHandler            
00001403  EUSCIA2_IRQHandler            
00001403  EUSCIA3_IRQHandler            
00001403  EUSCIB0_IRQHandler            
00001403  EUSCIB1_IRQHandler            
00001403  EUSCIB2_IRQHandler            
00001403  EUSCIB3_IRQHandler            
00001403  FLCTL_A_IRQHandler            
00001403  FPU_IRQHandler                
00001403  HardFault_Handler             
00001403  LCD_F_IRQHandler              
00001403  MemManage_Handler             
00001403  NMI_Handler                   
00001403  PCM_IRQHandler                
00001403  PORT1_IRQHandler              
00001403  PORT2_IRQHandler              
00001403  PORT3_IRQHandler              
00001403  PORT4_IRQHandler              
00001403  PORT5_IRQHandler              
00001403  PORT6_IRQHandler              
00001403  PSS_IRQHandler                
00001403  PendSV_Handler                
00001403  RTC_C_IRQHandler              
00001403  SVC_Handler                   
00001403  SysTick_Handler               
00001403  T32_INT1_IRQHandler           
00001403  T32_INT2_IRQHandler           
00001403  T32_INTC_IRQHandler           
00001403  TA0_N_IRQHandler              
00001403  TA1_0_IRQHandler              
00001403  TA1_N_IRQHandler              
00001403  TA2_0_IRQHandler              
00001403  TA2_N_IRQHandler              
00001403  TA3_0_IRQHandler              
00001403  TA3_N_IRQHandler              
00001403  UsageFault_Handler            
00001403  WDT_A_IRQHandler              
00001405  _system_pre_init              
00001409  C$$EXIT                       
00001409  abort                         
0000140c  leftLaneMap                   
00001437  rightLaneMap                  
00001468  __TI_Handler_Table_Base       
00001474  __TI_Handler_Table_Limit      
00001488  __TI_CINIT_Base               
00001498  __TI_CINIT_Limit              
20000000  __start___llvm_prf_cnts       
20000000  __stop___llvm_prf_cnts        
20000000  notelcd                       
2000001c  leftLane                      
2000002c  rightLane                     
2000003c  mapPos                        
20000040  sysClkFreq                    
20000048  SystemCoreClock               
2003fe00  __stack                       
20040000  __STACK_END                   
4000480c  WDTCTL_SYM                    
ffffffff  __TI_pprof_out_hndl           
ffffffff  __TI_prof_data_size           
ffffffff  __TI_prof_data_start          
ffffffff  __binit__                     
ffffffff  __c_args__                    
ffffffff  binit                         
UNDEFED   __mpu_init                    
UNDEFED   _system_post_cinit            

[130 symbols]
