******************************************************************************
                  TI ARM Linker PC v20.2.7                     
******************************************************************************
>> Linked Fri May  3 13:41:14 2024

OUTPUT FILE NAME:   <ece230finalSammonR_OlsonM.out>
ENTRY POINT SYMBOL: "_c_int00_noargs"  address: 00000c41


MEMORY CONFIGURATION

         name            origin    length      used     unused   attr    fill
----------------------  --------  ---------  --------  --------  ----  --------
  MAIN                  00000000   00200000  00000ccc  001ff334  R  X
  INFO                  00200000   00008000  00000000  00008000  R  X
  SRAM_CODE             01000000   00040000  0000020c  0003fdf4  RW X
  SRAM_DATA             20000000   00040000  0000020c  0003fdf4  RW  


SEGMENT ALLOCATION MAP

run origin  load origin   length   init length attrs members
----------  ----------- ---------- ----------- ----- -------
00000000    00000000    00000ccc   00000ccc    r-x
  00000000    00000000    000000e8   000000e8    r-- .intvecs
  000000e8    000000e8    00000bc8   00000bc8    r-x .text
  00000cb0    00000cb0    0000001c   0000001c    r-- .cinit
20000000    20000000    0000000c   00000000    rw-
  20000000    20000000    0000000c   00000000    rw- .data
2003fe00    2003fe00    00000200   00000000    rw-
  2003fe00    2003fe00    00000200   00000000    rw- .stack


SECTION ALLOCATION MAP

 output                                  attributes/
section   page    origin      length       input sections
--------  ----  ----------  ----------   ----------------
.intvecs   0    00000000    000000e8     
                  00000000    000000e8     startup_msp432p4111_ccs.obj (.intvecs:retain)

.text      0    000000e8    00000bc8     
                  000000e8    000003e0     multiLCD.obj (.text)
                  000004c8    00000350     system_msp432p4111.obj (.text)
                  00000818    000000e8     csHFXT.obj (.text)
                  00000900    000000b4     main.obj (.text)
                  000009b4    000000ac     sysTickDelays.obj (.text)
                  00000a60    0000009c     rtsv7M4_T_le_v4SPD16_eabi.lib : memcpy_t2.asm.obj (.text)
                  00000afc    00000096                                   : ull_div_t2.asm.obj (.text)
                  00000b92    00000068                                   : copy_decompress_lzss.c.obj (.text:decompress:lzss:__TI_decompress_lzss)
                  00000bfa    00000002                                   : div0.asm.obj (.text)
                  00000bfc    00000044                                   : autoinit.c.obj (.text:__TI_auto_init_nobinit_nopinit:__TI_auto_init_nobinit_nopinit)
                  00000c40    00000034                                   : boot_cortex_m.c.obj (.text:_c_int00_noargs:_c_int00_noargs)
                  00000c74    00000018                                   : ll_mul_t2.asm.obj (.text)
                  00000c8c    0000000e                                   : copy_decompress_none.c.obj (.text:decompress:none:__TI_decompress_none)
                  00000c9a    0000000e     startup_msp432p4111_ccs.obj (.text)
                  00000ca8    00000004     rtsv7M4_T_le_v4SPD16_eabi.lib : pre_init.c.obj (.text:_system_pre_init)
                  00000cac    00000004                                   : exit.c.obj (.text:abort:abort)

.cinit     0    00000cb0    0000001c     
                  00000cb0    0000000b     (.cinit..data.load) [load image, compression = lzss]
                  00000cbb    00000001     --HOLE-- [fill = 0]
                  00000cbc    00000008     (__TI_handler_table)
                  00000cc4    00000008     (__TI_cinit_table)

.init_array 
*          0    00000000    00000000     UNINITIALIZED

.binit     0    00000000    00000000     

.data      0    20000000    0000000c     UNINITIALIZED
                  20000000    00000008     sysTickDelays.obj (.data)
                  20000008    00000004     system_msp432p4111.obj (.data)

.stack     0    2003fe00    00000200     UNINITIALIZED
                  2003fe00    00000004     rtsv7M4_T_le_v4SPD16_eabi.lib : boot_cortex_m.c.obj (.stack)
                  2003fe04    000001fc     --HOLE--

__llvm_prf_cnts 
*          0    20000000    00000000     UNINITIALIZED

MODULE SUMMARY

       Module                        code   ro data   rw data
       ------                        ----   -------   -------
    .\
       multiLCD.obj                  992    0         0      
       system_msp432p4111.obj        848    0         8      
       startup_msp432p4111_ccs.obj   14     232       0      
       csHFXT.obj                    232    0         0      
       sysTickDelays.obj             172    0         16     
       main.obj                      180    0         0      
    +--+-----------------------------+------+---------+---------+
       Total:                        2438   232       24     
                                                             
    C:\ti\ccs1260\ccs\tools\compiler\ti-cgt-arm_20.2.7.LTS\lib\rtsv7M4_T_le_v4SPD16_eabi.lib
       memcpy_t2.asm.obj             156    0         0      
       ull_div_t2.asm.obj            150    0         0      
       copy_decompress_lzss.c.obj    104    0         0      
       autoinit.c.obj                68     0         0      
       boot_cortex_m.c.obj           52     0         0      
       ll_mul_t2.asm.obj             24     0         0      
       copy_decompress_none.c.obj    14     0         0      
       exit.c.obj                    4      0         0      
       pre_init.c.obj                4      0         0      
       div0.asm.obj                  2      0         0      
    +--+-----------------------------+------+---------+---------+
       Total:                        578    0         0      
                                                             
       Stack:                        0      0         1024   
       Linker Generated:             0      27        0      
    +--+-----------------------------+------+---------+---------+
       Grand Total:                  3016   259       1048   


LINKER GENERATED COPY TABLES

__TI_cinit_table @ 00000cc4 records: 1, size/record: 8, table size: 8
	.data: load addr=00000cb0, load size=0000000b bytes, run addr=20000000, run size=0000000c bytes, compression=lzss


LINKER GENERATED HANDLER TABLE

__TI_handler_table @ 00000cbc records: 2, size/record: 4, table size: 8
	index: 0, handler: __TI_decompress_lzss
	index: 1, handler: __TI_decompress_none


GLOBAL SYMBOLS: SORTED ALPHABETICALLY BY Name 

address   name                          
-------   ----                          
00000ca7  ADC14_IRQHandler              
00000ca7  AES256_IRQHandler             
00000ca7  BusFault_Handler              
00000cad  C$$EXIT                       
00000ca7  COMP_E0_IRQHandler            
00000ca7  COMP_E1_IRQHandler            
00000ca7  CS_IRQHandler                 
00000ca7  DMA_ERR_IRQHandler            
00000ca7  DMA_INT0_IRQHandler           
00000ca7  DMA_INT1_IRQHandler           
00000ca7  DMA_INT2_IRQHandler           
00000ca7  DMA_INT3_IRQHandler           
00000ca7  DebugMon_Handler              
00000ca7  Default_Handler               
00000ca7  EUSCIA0_IRQHandler            
00000ca7  EUSCIA1_IRQHandler            
00000ca7  EUSCIA2_IRQHandler            
00000ca7  EUSCIA3_IRQHandler            
00000ca7  EUSCIB0_IRQHandler            
00000ca7  EUSCIB1_IRQHandler            
00000ca7  EUSCIB2_IRQHandler            
00000ca7  EUSCIB3_IRQHandler            
00000ca7  FLCTL_A_IRQHandler            
00000ca7  FPU_IRQHandler                
00000ca7  HardFault_Handler             
00000ca7  LCD_F_IRQHandler              
00000ca7  MemManage_Handler             
00000ca7  NMI_Handler                   
00000ca7  PCM_IRQHandler                
00000ca7  PORT1_IRQHandler              
00000ca7  PORT2_IRQHandler              
00000ca7  PORT3_IRQHandler              
00000ca7  PORT4_IRQHandler              
00000ca7  PORT5_IRQHandler              
00000ca7  PORT6_IRQHandler              
00000ca7  PSS_IRQHandler                
00000ca7  PendSV_Handler                
00000ca7  RTC_C_IRQHandler              
00000c9b  Reset_Handler                 
00000ca7  SVC_Handler                   
00000ca7  SysTick_Handler               
20000008  SystemCoreClock               
000004c9  SystemCoreClockUpdate         
00000741  SystemInit                    
00000ca7  T32_INT1_IRQHandler           
00000ca7  T32_INT2_IRQHandler           
00000ca7  T32_INTC_IRQHandler           
00000ca7  TA0_0_IRQHandler              
00000ca7  TA0_N_IRQHandler              
00000ca7  TA1_0_IRQHandler              
00000ca7  TA1_N_IRQHandler              
00000ca7  TA2_0_IRQHandler              
00000ca7  TA2_N_IRQHandler              
00000ca7  TA3_0_IRQHandler              
00000ca7  TA3_N_IRQHandler              
00000ca7  UsageFault_Handler            
4000480c  WDTCTL_SYM                    
00000ca7  WDT_A_IRQHandler              
20040000  __STACK_END                   
00000200  __STACK_SIZE                  
00000cc4  __TI_CINIT_Base               
00000ccc  __TI_CINIT_Limit              
00000cbc  __TI_Handler_Table_Base       
00000cc4  __TI_Handler_Table_Limit      
00000bfd  __TI_auto_init_nobinit_nopinit
00000b93  __TI_decompress_lzss          
00000c8d  __TI_decompress_none          
ffffffff  __TI_pprof_out_hndl           
ffffffff  __TI_prof_data_size           
ffffffff  __TI_prof_data_start          
00000000  __TI_static_base__            
00000bfb  __aeabi_idiv0                 
00000bfb  __aeabi_ldiv0                 
00000c75  __aeabi_lmul                  
00000a61  __aeabi_memcpy                
00000a61  __aeabi_memcpy4               
00000a61  __aeabi_memcpy8               
00000afd  __aeabi_uldivmod              
ffffffff  __binit__                     
ffffffff  __c_args__                    
UNDEFED   __mpu_init                    
2003fe00  __stack                       
20000000  __start___llvm_prf_cnts       
20000000  __stop___llvm_prf_cnts        
00000c41  _c_int00_noargs               
UNDEFED   _system_post_cinit            
00000ca9  _system_pre_init              
00000cad  abort                         
ffffffff  binit                         
0000020f  commandInstruction            
00000819  configHFXT                    
0000023b  configLCD                     
00000225  dataInstruction               
000009c9  delayMicroSec                 
00000a39  delayMilliSec                 
000008b9  error                         
000009b5  initDelayTimer                
00000389  initLCD                       
000000e9  instructionDelay              
00000000  interruptVectors              
00000901  main                          
00000a61  memcpy                        
0000040b  printCharLCD                  
000004a9  resetLCD                      
0000041f  setPortLCD                    
20000000  sysClkFreq                    
00000117  writeInstruction              


GLOBAL SYMBOLS: SORTED BY Symbol Address 

address   name                          
-------   ----                          
00000000  __TI_static_base__            
00000000  interruptVectors              
000000e9  instructionDelay              
00000117  writeInstruction              
00000200  __STACK_SIZE                  
0000020f  commandInstruction            
00000225  dataInstruction               
0000023b  configLCD                     
00000389  initLCD                       
0000040b  printCharLCD                  
0000041f  setPortLCD                    
000004a9  resetLCD                      
000004c9  SystemCoreClockUpdate         
00000741  SystemInit                    
00000819  configHFXT                    
000008b9  error                         
00000901  main                          
000009b5  initDelayTimer                
000009c9  delayMicroSec                 
00000a39  delayMilliSec                 
00000a61  __aeabi_memcpy                
00000a61  __aeabi_memcpy4               
00000a61  __aeabi_memcpy8               
00000a61  memcpy                        
00000afd  __aeabi_uldivmod              
00000b93  __TI_decompress_lzss          
00000bfb  __aeabi_idiv0                 
00000bfb  __aeabi_ldiv0                 
00000bfd  __TI_auto_init_nobinit_nopinit
00000c41  _c_int00_noargs               
00000c75  __aeabi_lmul                  
00000c8d  __TI_decompress_none          
00000c9b  Reset_Handler                 
00000ca7  ADC14_IRQHandler              
00000ca7  AES256_IRQHandler             
00000ca7  BusFault_Handler              
00000ca7  COMP_E0_IRQHandler            
00000ca7  COMP_E1_IRQHandler            
00000ca7  CS_IRQHandler                 
00000ca7  DMA_ERR_IRQHandler            
00000ca7  DMA_INT0_IRQHandler           
00000ca7  DMA_INT1_IRQHandler           
00000ca7  DMA_INT2_IRQHandler           
00000ca7  DMA_INT3_IRQHandler           
00000ca7  DebugMon_Handler              
00000ca7  Default_Handler               
00000ca7  EUSCIA0_IRQHandler            
00000ca7  EUSCIA1_IRQHandler            
00000ca7  EUSCIA2_IRQHandler            
00000ca7  EUSCIA3_IRQHandler            
00000ca7  EUSCIB0_IRQHandler            
00000ca7  EUSCIB1_IRQHandler            
00000ca7  EUSCIB2_IRQHandler            
00000ca7  EUSCIB3_IRQHandler            
00000ca7  FLCTL_A_IRQHandler            
00000ca7  FPU_IRQHandler                
00000ca7  HardFault_Handler             
00000ca7  LCD_F_IRQHandler              
00000ca7  MemManage_Handler             
00000ca7  NMI_Handler                   
00000ca7  PCM_IRQHandler                
00000ca7  PORT1_IRQHandler              
00000ca7  PORT2_IRQHandler              
00000ca7  PORT3_IRQHandler              
00000ca7  PORT4_IRQHandler              
00000ca7  PORT5_IRQHandler              
00000ca7  PORT6_IRQHandler              
00000ca7  PSS_IRQHandler                
00000ca7  PendSV_Handler                
00000ca7  RTC_C_IRQHandler              
00000ca7  SVC_Handler                   
00000ca7  SysTick_Handler               
00000ca7  T32_INT1_IRQHandler           
00000ca7  T32_INT2_IRQHandler           
00000ca7  T32_INTC_IRQHandler           
00000ca7  TA0_0_IRQHandler              
00000ca7  TA0_N_IRQHandler              
00000ca7  TA1_0_IRQHandler              
00000ca7  TA1_N_IRQHandler              
00000ca7  TA2_0_IRQHandler              
00000ca7  TA2_N_IRQHandler              
00000ca7  TA3_0_IRQHandler              
00000ca7  TA3_N_IRQHandler              
00000ca7  UsageFault_Handler            
00000ca7  WDT_A_IRQHandler              
00000ca9  _system_pre_init              
00000cad  C$$EXIT                       
00000cad  abort                         
00000cbc  __TI_Handler_Table_Base       
00000cc4  __TI_CINIT_Base               
00000cc4  __TI_Handler_Table_Limit      
00000ccc  __TI_CINIT_Limit              
20000000  __start___llvm_prf_cnts       
20000000  __stop___llvm_prf_cnts        
20000000  sysClkFreq                    
20000008  SystemCoreClock               
2003fe00  __stack                       
20040000  __STACK_END                   
4000480c  WDTCTL_SYM                    
ffffffff  __TI_pprof_out_hndl           
ffffffff  __TI_prof_data_size           
ffffffff  __TI_prof_data_start          
ffffffff  __binit__                     
ffffffff  __c_args__                    
ffffffff  binit                         
UNDEFED   __mpu_init                    
UNDEFED   _system_post_cinit            

[107 symbols]
