******************************************************************************
                  TI ARM Linker PC v20.2.7                     
******************************************************************************
>> Linked Mon May  6 13:40:16 2024

OUTPUT FILE NAME:   <ece230finalSammonR_OlsonM.out>
ENTRY POINT SYMBOL: "_c_int00_noargs"  address: 000011d5


MEMORY CONFIGURATION

         name            origin    length      used     unused   attr    fill
----------------------  --------  ---------  --------  --------  ----  --------
  MAIN                  00000000   00200000  0000127a  001fed86  R  X
  INFO                  00200000   00008000  00000000  00008000  R  X
  SRAM_CODE             01000000   00040000  0000020c  0003fdf4  RW X
  SRAM_DATA             20000000   00040000  0000020c  0003fdf4  RW  


SEGMENT ALLOCATION MAP

run origin  load origin   length   init length attrs members
----------  ----------- ---------- ----------- ----- -------
00000000    00000000    0000127c   0000127c    r-x
  00000000    00000000    000000e8   000000e8    r-- .intvecs
  000000e8    000000e8    0000115c   0000115c    r-x .text
  00001244    00001244    0000001a   0000001a    r-- .const
  00001260    00001260    0000001c   0000001c    r-- .cinit
20000000    20000000    0000000c   00000000    rw-
  20000000    20000000    0000000c   00000000    rw- .data
2003fe00    2003fe00    00000200   00000000    rw-
  2003fe00    2003fe00    00000200   00000000    rw- .stack


SECTION ALLOCATION MAP

 output                                  attributes/
section   page    origin      length       input sections
--------  ----  ----------  ----------   ----------------
.intvecs   0    00000000    000000e8     
                  00000000    000000e8     startup_msp432p4111_ccs.obj (.intvecs:retain)

.text      0    000000e8    0000115c     
                  000000e8    0000099c     multiLCD.obj (.text)
                  00000a84    00000350     system_msp432p4111.obj (.text)
                  00000dd4    000000e8     csHFXT.obj (.text)
                  00000ebc    000000ac     sysTickDelays.obj (.text)
                  00000f68    0000009c     rtsv7M4_T_le_v4SPD16_eabi.lib : memcpy_t2.asm.obj (.text)
                  00001004    00000096                                   : ull_div_t2.asm.obj (.text)
                  0000109a    00000002                                   : div0.asm.obj (.text)
                  0000109c    0000008c     main.obj (.text)
                  00001128    00000068     rtsv7M4_T_le_v4SPD16_eabi.lib : copy_decompress_lzss.c.obj (.text:decompress:lzss:__TI_decompress_lzss)
                  00001190    00000044                                   : autoinit.c.obj (.text:__TI_auto_init_nobinit_nopinit:__TI_auto_init_nobinit_nopinit)
                  000011d4    00000034                                   : boot_cortex_m.c.obj (.text:_c_int00_noargs:_c_int00_noargs)
                  00001208    00000018                                   : ll_mul_t2.asm.obj (.text)
                  00001220    0000000e                                   : copy_decompress_none.c.obj (.text:decompress:none:__TI_decompress_none)
                  0000122e    0000000e     startup_msp432p4111_ccs.obj (.text)
                  0000123c    00000004     rtsv7M4_T_le_v4SPD16_eabi.lib : pre_init.c.obj (.text:_system_pre_init)
                  00001240    00000004                                   : exit.c.obj (.text:abort:abort)

.const     0    00001244    0000001a     
                  00001244    0000000d     main.obj (.const:.string:msgOne)
                  00001251    0000000d     main.obj (.const:.string:msgTwo)

.cinit     0    00001260    0000001c     
                  00001260    0000000b     (.cinit..data.load) [load image, compression = lzss]
                  0000126b    00000001     --HOLE-- [fill = 0]
                  0000126c    00000008     (__TI_handler_table)
                  00001274    00000008     (__TI_cinit_table)

.init_array 
*          0    00000000    00000000     UNINITIALIZED

.binit     0    00000000    00000000     

.data      0    20000000    0000000c     UNINITIALIZED
                  20000000    00000008     sysTickDelays.obj (.data)
                  20000008    00000004     system_msp432p4111.obj (.data)

.stack     0    2003fe00    00000200     UNINITIALIZED
                  2003fe00    00000004     rtsv7M4_T_le_v4SPD16_eabi.lib : boot_cortex_m.c.obj (.stack)
                  2003fe04    000001fc     --HOLE--

__llvm_prf_cnts 
*          0    20000000    00000000     UNINITIALIZED

MODULE SUMMARY

       Module                        code   ro data   rw data
       ------                        ----   -------   -------
    .\
       multiLCD.obj                  2460   0         0      
       system_msp432p4111.obj        848    0         8      
       startup_msp432p4111_ccs.obj   14     232       0      
       csHFXT.obj                    232    0         0      
       sysTickDelays.obj             172    0         16     
       main.obj                      140    26        0      
    +--+-----------------------------+------+---------+---------+
       Total:                        3866   258       24     
                                                             
    C:\ti\ccs1260\ccs\tools\compiler\ti-cgt-arm_20.2.7.LTS\lib\rtsv7M4_T_le_v4SPD16_eabi.lib
       memcpy_t2.asm.obj             156    0         0      
       ull_div_t2.asm.obj            150    0         0      
       copy_decompress_lzss.c.obj    104    0         0      
       autoinit.c.obj                68     0         0      
       boot_cortex_m.c.obj           52     0         0      
       ll_mul_t2.asm.obj             24     0         0      
       copy_decompress_none.c.obj    14     0         0      
       exit.c.obj                    4      0         0      
       pre_init.c.obj                4      0         0      
       div0.asm.obj                  2      0         0      
    +--+-----------------------------+------+---------+---------+
       Total:                        578    0         0      
                                                             
       Stack:                        0      0         1024   
       Linker Generated:             0      27        0      
    +--+-----------------------------+------+---------+---------+
       Grand Total:                  4444   285       1048   


LINKER GENERATED COPY TABLES

__TI_cinit_table @ 00001274 records: 1, size/record: 8, table size: 8
	.data: load addr=00001260, load size=0000000b bytes, run addr=20000000, run size=0000000c bytes, compression=lzss


LINKER GENERATED HANDLER TABLE

__TI_handler_table @ 0000126c records: 2, size/record: 4, table size: 8
	index: 0, handler: __TI_decompress_lzss
	index: 1, handler: __TI_decompress_none


GLOBAL SYMBOLS: SORTED ALPHABETICALLY BY Name 

address   name                          
-------   ----                          
0000123b  ADC14_IRQHandler              
0000123b  AES256_IRQHandler             
0000123b  BusFault_Handler              
00001241  C$$EXIT                       
0000123b  COMP_E0_IRQHandler            
0000123b  COMP_E1_IRQHandler            
0000123b  CS_IRQHandler                 
0000123b  DMA_ERR_IRQHandler            
0000123b  DMA_INT0_IRQHandler           
0000123b  DMA_INT1_IRQHandler           
0000123b  DMA_INT2_IRQHandler           
0000123b  DMA_INT3_IRQHandler           
0000123b  DebugMon_Handler              
0000123b  Default_Handler               
0000123b  EUSCIA0_IRQHandler            
0000123b  EUSCIA1_IRQHandler            
0000123b  EUSCIA2_IRQHandler            
0000123b  EUSCIA3_IRQHandler            
0000123b  EUSCIB0_IRQHandler            
0000123b  EUSCIB1_IRQHandler            
0000123b  EUSCIB2_IRQHandler            
0000123b  EUSCIB3_IRQHandler            
0000123b  FLCTL_A_IRQHandler            
0000123b  FPU_IRQHandler                
0000123b  HardFault_Handler             
0000123b  LCD_F_IRQHandler              
0000123b  MemManage_Handler             
0000123b  NMI_Handler                   
0000123b  PCM_IRQHandler                
0000123b  PORT1_IRQHandler              
0000123b  PORT2_IRQHandler              
0000123b  PORT3_IRQHandler              
0000123b  PORT4_IRQHandler              
0000123b  PORT5_IRQHandler              
0000123b  PORT6_IRQHandler              
0000123b  PSS_IRQHandler                
0000123b  PendSV_Handler                
0000123b  RTC_C_IRQHandler              
0000122f  Reset_Handler                 
0000123b  SVC_Handler                   
0000123b  SysTick_Handler               
20000008  SystemCoreClock               
00000a85  SystemCoreClockUpdate         
00000cfd  SystemInit                    
0000123b  T32_INT1_IRQHandler           
0000123b  T32_INT2_IRQHandler           
0000123b  T32_INTC_IRQHandler           
0000123b  TA0_0_IRQHandler              
0000123b  TA0_N_IRQHandler              
0000123b  TA1_0_IRQHandler              
0000123b  TA1_N_IRQHandler              
0000123b  TA2_0_IRQHandler              
0000123b  TA2_N_IRQHandler              
0000123b  TA3_0_IRQHandler              
0000123b  TA3_N_IRQHandler              
0000123b  UsageFault_Handler            
4000480c  WDTCTL_SYM                    
0000123b  WDT_A_IRQHandler              
20040000  __STACK_END                   
00000200  __STACK_SIZE                  
00001274  __TI_CINIT_Base               
0000127c  __TI_CINIT_Limit              
0000126c  __TI_Handler_Table_Base       
00001274  __TI_Handler_Table_Limit      
00001191  __TI_auto_init_nobinit_nopinit
00001129  __TI_decompress_lzss          
00001221  __TI_decompress_none          
ffffffff  __TI_pprof_out_hndl           
ffffffff  __TI_prof_data_size           
ffffffff  __TI_prof_data_start          
00000000  __TI_static_base__            
0000109b  __aeabi_idiv0                 
0000109b  __aeabi_ldiv0                 
00001209  __aeabi_lmul                  
00000f69  __aeabi_memcpy                
00000f69  __aeabi_memcpy4               
00000f69  __aeabi_memcpy8               
00001005  __aeabi_uldivmod              
ffffffff  __binit__                     
ffffffff  __c_args__                    
UNDEFED   __mpu_init                    
2003fe00  __stack                       
20000000  __start___llvm_prf_cnts       
20000000  __stop___llvm_prf_cnts        
000011d5  _c_int00_noargs               
UNDEFED   _system_post_cinit            
0000123d  _system_pre_init              
00001241  abort                         
ffffffff  binit                         
00000a09  clearDisplay                  
00000635  commandInstruction            
00000661  commandInstruction4bit        
00000dd5  configHFXT                    
0000068d  configLCD                     
0000064b  dataInstruction               
00000677  dataInstruction4bit           
00000ed1  delayMicroSec                 
00000f41  delayMilliSec                 
00000e75  error                         
00000ebd  initDelayTimer                
00000813  initLCD                       
000001b9  instructionDelay              
00000000  interruptVectors              
0000109d  main                          
00000f69  memcpy                        
00001244  msgOne                        
00001251  msgTwo                        
00000a25  newLine                       
0000092f  printCharLCD                  
000009d7  printStringLCD                
000001e7  readBusyFlag                  
000009cd  resetLCD                      
00000a17  returnCursor                  
00000151  setPinsIn                     
000000e9  setPinsOut                    
00000943  setPortLCD                    
00000a33  shiftLCD                      
00000a5b  shiftRightLCD                 
20000000  sysClkFreq                    
00000375  writeInstruction              
0000055f  writeInstruction4bit          


GLOBAL SYMBOLS: SORTED BY Symbol Address 

address   name                          
-------   ----                          
00000000  __TI_static_base__            
00000000  interruptVectors              
000000e9  setPinsOut                    
00000151  setPinsIn                     
000001b9  instructionDelay              
000001e7  readBusyFlag                  
00000200  __STACK_SIZE                  
00000375  writeInstruction              
0000055f  writeInstruction4bit          
00000635  commandInstruction            
0000064b  dataInstruction               
00000661  commandInstruction4bit        
00000677  dataInstruction4bit           
0000068d  configLCD                     
00000813  initLCD                       
0000092f  printCharLCD                  
00000943  setPortLCD                    
000009cd  resetLCD                      
000009d7  printStringLCD                
00000a09  clearDisplay                  
00000a17  returnCursor                  
00000a25  newLine                       
00000a33  shiftLCD                      
00000a5b  shiftRightLCD                 
00000a85  SystemCoreClockUpdate         
00000cfd  SystemInit                    
00000dd5  configHFXT                    
00000e75  error                         
00000ebd  initDelayTimer                
00000ed1  delayMicroSec                 
00000f41  delayMilliSec                 
00000f69  __aeabi_memcpy                
00000f69  __aeabi_memcpy4               
00000f69  __aeabi_memcpy8               
00000f69  memcpy                        
00001005  __aeabi_uldivmod              
0000109b  __aeabi_idiv0                 
0000109b  __aeabi_ldiv0                 
0000109d  main                          
00001129  __TI_decompress_lzss          
00001191  __TI_auto_init_nobinit_nopinit
000011d5  _c_int00_noargs               
00001209  __aeabi_lmul                  
00001221  __TI_decompress_none          
0000122f  Reset_Handler                 
0000123b  ADC14_IRQHandler              
0000123b  AES256_IRQHandler             
0000123b  BusFault_Handler              
0000123b  COMP_E0_IRQHandler            
0000123b  COMP_E1_IRQHandler            
0000123b  CS_IRQHandler                 
0000123b  DMA_ERR_IRQHandler            
0000123b  DMA_INT0_IRQHandler           
0000123b  DMA_INT1_IRQHandler           
0000123b  DMA_INT2_IRQHandler           
0000123b  DMA_INT3_IRQHandler           
0000123b  DebugMon_Handler              
0000123b  Default_Handler               
0000123b  EUSCIA0_IRQHandler            
0000123b  EUSCIA1_IRQHandler            
0000123b  EUSCIA2_IRQHandler            
0000123b  EUSCIA3_IRQHandler            
0000123b  EUSCIB0_IRQHandler            
0000123b  EUSCIB1_IRQHandler            
0000123b  EUSCIB2_IRQHandler            
0000123b  EUSCIB3_IRQHandler            
0000123b  FLCTL_A_IRQHandler            
0000123b  FPU_IRQHandler                
0000123b  HardFault_Handler             
0000123b  LCD_F_IRQHandler              
0000123b  MemManage_Handler             
0000123b  NMI_Handler                   
0000123b  PCM_IRQHandler                
0000123b  PORT1_IRQHandler              
0000123b  PORT2_IRQHandler              
0000123b  PORT3_IRQHandler              
0000123b  PORT4_IRQHandler              
0000123b  PORT5_IRQHandler              
0000123b  PORT6_IRQHandler              
0000123b  PSS_IRQHandler                
0000123b  PendSV_Handler                
0000123b  RTC_C_IRQHandler              
0000123b  SVC_Handler                   
0000123b  SysTick_Handler               
0000123b  T32_INT1_IRQHandler           
0000123b  T32_INT2_IRQHandler           
0000123b  T32_INTC_IRQHandler           
0000123b  TA0_0_IRQHandler              
0000123b  TA0_N_IRQHandler              
0000123b  TA1_0_IRQHandler              
0000123b  TA1_N_IRQHandler              
0000123b  TA2_0_IRQHandler              
0000123b  TA2_N_IRQHandler              
0000123b  TA3_0_IRQHandler              
0000123b  TA3_N_IRQHandler              
0000123b  UsageFault_Handler            
0000123b  WDT_A_IRQHandler              
0000123d  _system_pre_init              
00001241  C$$EXIT                       
00001241  abort                         
00001244  msgOne                        
00001251  msgTwo                        
0000126c  __TI_Handler_Table_Base       
00001274  __TI_CINIT_Base               
00001274  __TI_Handler_Table_Limit      
0000127c  __TI_CINIT_Limit              
20000000  __start___llvm_prf_cnts       
20000000  __stop___llvm_prf_cnts        
20000000  sysClkFreq                    
20000008  SystemCoreClock               
2003fe00  __stack                       
20040000  __STACK_END                   
4000480c  WDTCTL_SYM                    
ffffffff  __TI_pprof_out_hndl           
ffffffff  __TI_prof_data_size           
ffffffff  __TI_prof_data_start          
ffffffff  __binit__                     
ffffffff  __c_args__                    
ffffffff  binit                         
UNDEFED   __mpu_init                    
UNDEFED   _system_post_cinit            

[121 symbols]
