******************************************************************************
                  TI ARM Linker PC v20.2.7                     
******************************************************************************
>> Linked Wed May  8 23:07:40 2024

OUTPUT FILE NAME:   <ece230finalSammonR_OlsonM.out>
ENTRY POINT SYMBOL: "_c_int00_noargs"  address: 00001481


MEMORY CONFIGURATION

         name            origin    length      used     unused   attr    fill
----------------------  --------  ---------  --------  --------  ----  --------
  MAIN                  00000000   00200000  000015a6  001fea5a  R  X
  INFO                  00200000   00008000  00000000  00008000  R  X
  SRAM_CODE             01000000   00040000  0000024e  0003fdb2  RW X
  SRAM_DATA             20000000   00040000  0000024e  0003fdb2  RW  


SEGMENT ALLOCATION MAP

run origin  load origin   length   init length attrs members
----------  ----------- ---------- ----------- ----- -------
00000000    00000000    000015a8   000015a8    r-x
  00000000    00000000    000000e8   000000e8    r-- .intvecs
  000000e8    000000e8    00001438   00001438    r-x .text
  00001520    00001520    00000056   00000056    r-- .const
  00001578    00001578    00000030   00000030    r-- .cinit
20000000    20000000    00000054   00000000    rw-
  20000000    20000000    00000042   00000000    rw- .bss
  20000048    20000048    0000000c   00000000    rw- .data
2003fe00    2003fe00    00000200   00000000    rw-
  2003fe00    2003fe00    00000200   00000000    rw- .stack


SECTION ALLOCATION MAP

 output                                  attributes/
section   page    origin      length       input sections
--------  ----  ----------  ----------   ----------------
.intvecs   0    00000000    000000e8     
                  00000000    000000e8     startup_msp432p4111_ccs.obj (.intvecs:retain)

.text      0    000000e8    00001438     
                  000000e8    0000099c     multiLCD.obj (.text)
                  00000a84    00000350     system_msp432p4111.obj (.text)
                  00000dd4    000002b8     main.obj (.text)
                  0000108c    000000e8     csHFXT.obj (.text)
                  00001174    000000ac     sysTickDelays.obj (.text)
                  00001220    0000009c     rtsv7M4_T_le_v4SPD16_eabi.lib : memcpy_t2.asm.obj (.text)
                  000012bc    00000096                                   : ull_div_t2.asm.obj (.text)
                  00001352    00000002                                   : div0.asm.obj (.text)
                  00001354    00000080     csLFXT.obj (.text)
                  000013d4    00000068     rtsv7M4_T_le_v4SPD16_eabi.lib : copy_decompress_lzss.c.obj (.text:decompress:lzss:__TI_decompress_lzss)
                  0000143c    00000044                                   : autoinit.c.obj (.text:__TI_auto_init_nobinit_nopinit:__TI_auto_init_nobinit_nopinit)
                  00001480    00000034                                   : boot_cortex_m.c.obj (.text:_c_int00_noargs:_c_int00_noargs)
                  000014b4    0000001c                                   : copy_zero_init.c.obj (.text:decompress:ZI:__TI_zero_init_nomemset:__TI_zero_init_nomemset)
                  000014d0    00000018                                   : ll_mul_t2.asm.obj (.text)
                  000014e8    00000014                                   : strlen.c.obj (.text:strlen)
                  000014fc    0000000e                                   : copy_decompress_none.c.obj (.text:decompress:none:__TI_decompress_none)
                  0000150a    0000000e     startup_msp432p4111_ccs.obj (.text)
                  00001518    00000004     rtsv7M4_T_le_v4SPD16_eabi.lib : pre_init.c.obj (.text:_system_pre_init)
                  0000151c    00000004                                   : exit.c.obj (.text:abort:abort)

.const     0    00001520    00000056     
                  00001520    0000002b     main.obj (.const:.string:leftLaneMap)
                  0000154b    0000002b     main.obj (.const:.string:rightLaneMap)

.cinit     0    00001578    00000030     
                  00001578    0000000c     (__TI_handler_table)
                  00001584    0000000b     (.cinit..data.load) [load image, compression = lzss]
                  0000158f    00000001     --HOLE-- [fill = 0]
                  00001590    00000008     (.cinit..bss.load) [load image, compression = zero_init]
                  00001598    00000010     (__TI_cinit_table)

.init_array 
*          0    00000000    00000000     UNINITIALIZED

.binit     0    00000000    00000000     

.bss       0    20000000    00000042     UNINITIALIZED
                  20000000    0000001c     (.common:notelcd)
                  2000001c    00000010     (.common:leftLane)
                  2000002c    00000010     (.common:rightLane)
                  2000003c    00000004     (.common:mapPos)
                  20000040    00000002     (.common:score)

.data      0    20000048    0000000c     UNINITIALIZED
                  20000048    00000008     sysTickDelays.obj (.data)
                  20000050    00000004     system_msp432p4111.obj (.data)

.stack     0    2003fe00    00000200     UNINITIALIZED
                  2003fe00    00000004     rtsv7M4_T_le_v4SPD16_eabi.lib : boot_cortex_m.c.obj (.stack)
                  2003fe04    000001fc     --HOLE--

__llvm_prf_cnts 
*          0    20000000    00000000     UNINITIALIZED

MODULE SUMMARY

       Module                        code   ro data   rw data
       ------                        ----   -------   -------
    .\
       multiLCD.obj                  2460   0         0      
       main.obj                      696    86        132    
       system_msp432p4111.obj        848    0         8      
       startup_msp432p4111_ccs.obj   14     232       0      
       csHFXT.obj                    232    0         0      
       sysTickDelays.obj             172    0         16     
       csLFXT.obj                    128    0         0      
    +--+-----------------------------+------+---------+---------+
       Total:                        4550   318       156    
                                                             
    C:\ti\ccs1260\ccs\tools\compiler\ti-cgt-arm_20.2.7.LTS\lib\rtsv7M4_T_le_v4SPD16_eabi.lib
       memcpy_t2.asm.obj             156    0         0      
       ull_div_t2.asm.obj            150    0         0      
       copy_decompress_lzss.c.obj    104    0         0      
       autoinit.c.obj                68     0         0      
       boot_cortex_m.c.obj           52     0         0      
       copy_zero_init.c.obj          28     0         0      
       ll_mul_t2.asm.obj             24     0         0      
       strlen.c.obj                  20     0         0      
       copy_decompress_none.c.obj    14     0         0      
       exit.c.obj                    4      0         0      
       pre_init.c.obj                4      0         0      
       div0.asm.obj                  2      0         0      
    +--+-----------------------------+------+---------+---------+
       Total:                        626    0         0      
                                                             
       Stack:                        0      0         1024   
       Linker Generated:             0      47        0      
    +--+-----------------------------+------+---------+---------+
       Grand Total:                  5176   365       1180   


LINKER GENERATED COPY TABLES

__TI_cinit_table @ 00001598 records: 2, size/record: 8, table size: 16
	.data: load addr=00001584, load size=0000000b bytes, run addr=20000048, run size=0000000c bytes, compression=lzss
	.bss: load addr=00001590, load size=00000008 bytes, run addr=20000000, run size=00000042 bytes, compression=zero_init


LINKER GENERATED HANDLER TABLE

__TI_handler_table @ 00001578 records: 3, size/record: 4, table size: 12
	index: 0, handler: __TI_decompress_lzss
	index: 1, handler: __TI_decompress_none
	index: 2, handler: __TI_zero_init


GLOBAL SYMBOLS: SORTED ALPHABETICALLY BY Name 

address   name                          
-------   ----                          
00001517  ADC14_IRQHandler              
00001517  AES256_IRQHandler             
00001517  BusFault_Handler              
0000151d  C$$EXIT                       
00001517  COMP_E0_IRQHandler            
00001517  COMP_E1_IRQHandler            
00001517  CS_IRQHandler                 
00001517  DMA_ERR_IRQHandler            
00001517  DMA_INT0_IRQHandler           
00001517  DMA_INT1_IRQHandler           
00001517  DMA_INT2_IRQHandler           
00001517  DMA_INT3_IRQHandler           
00001517  DebugMon_Handler              
00001517  Default_Handler               
00001517  EUSCIA0_IRQHandler            
00001517  EUSCIA1_IRQHandler            
00001517  EUSCIA2_IRQHandler            
00001517  EUSCIA3_IRQHandler            
00001517  EUSCIB0_IRQHandler            
00001517  EUSCIB1_IRQHandler            
00001517  EUSCIB2_IRQHandler            
00001517  EUSCIB3_IRQHandler            
00001517  FLCTL_A_IRQHandler            
00001517  FPU_IRQHandler                
00001517  HardFault_Handler             
00001517  LCD_F_IRQHandler              
00001517  MemManage_Handler             
00001517  NMI_Handler                   
00001517  PCM_IRQHandler                
00001517  PORT1_IRQHandler              
00001517  PORT2_IRQHandler              
00000fcb  PORT3_IRQHandler              
00000fcb  PORT3_IRQHandler              
00001517  PORT4_IRQHandler              
00001517  PORT5_IRQHandler              
00001517  PORT6_IRQHandler              
00001517  PSS_IRQHandler                
00001517  PendSV_Handler                
00001517  RTC_C_IRQHandler              
0000150b  Reset_Handler                 
00001517  SVC_Handler                   
00001517  SysTick_Handler               
20000050  SystemCoreClock               
00000a85  SystemCoreClockUpdate         
00000cfd  SystemInit                    
00001517  T32_INT1_IRQHandler           
00001517  T32_INT2_IRQHandler           
00001517  T32_INTC_IRQHandler           
00001517  TA0_0_IRQHandler              
00001517  TA0_N_IRQHandler              
00000f35  TA1_0_IRQHandler              
00000f35  TA1_0_IRQHandler              
00001517  TA1_N_IRQHandler              
00001517  TA2_0_IRQHandler              
00001517  TA2_N_IRQHandler              
00001517  TA3_0_IRQHandler              
00001517  TA3_N_IRQHandler              
00001517  UsageFault_Handler            
4000480c  WDTCTL_SYM                    
00001517  WDT_A_IRQHandler              
20040000  __STACK_END                   
00000200  __STACK_SIZE                  
00001598  __TI_CINIT_Base               
000015a8  __TI_CINIT_Limit              
00001578  __TI_Handler_Table_Base       
00001584  __TI_Handler_Table_Limit      
0000143d  __TI_auto_init_nobinit_nopinit
000013d5  __TI_decompress_lzss          
000014fd  __TI_decompress_none          
ffffffff  __TI_pprof_out_hndl           
ffffffff  __TI_prof_data_size           
ffffffff  __TI_prof_data_start          
00000000  __TI_static_base__            
000014b5  __TI_zero_init_nomemset       
00001353  __aeabi_idiv0                 
00001353  __aeabi_ldiv0                 
000014d1  __aeabi_lmul                  
00001221  __aeabi_memcpy                
00001221  __aeabi_memcpy4               
00001221  __aeabi_memcpy8               
000012bd  __aeabi_uldivmod              
ffffffff  __binit__                     
ffffffff  __c_args__                    
UNDEFED   __mpu_init                    
2003fe00  __stack                       
20000000  __start___llvm_prf_cnts       
20000000  __stop___llvm_prf_cnts        
00001481  _c_int00_noargs               
UNDEFED   _system_post_cinit            
00001519  _system_pre_init              
0000151d  abort                         
ffffffff  binit                         
00000a09  clearDisplay                  
00000635  commandInstruction            
00000661  commandInstruction4bit        
0000108d  configHFXT                    
0000068d  configLCD                     
00001355  configLFXT                    
0000064b  dataInstruction               
00000677  dataInstruction4bit           
00001189  delayMicroSec                 
000011f9  delayMilliSec                 
0000112d  error                         
00001175  initDelayTimer                
00000813  initLCD                       
000001b9  instructionDelay              
00000000  interruptVectors              
2000001c  leftLane                      
00001520  leftLaneMap                   
00000ec1  main                          
2000003c  mapPos                        
00001221  memcpy                        
00000a25  newLine                       
20000000  notelcd                       
0000092f  printCharLCD                  
000009d7  printStringLCD                
000001e7  readBusyFlag                  
000009cd  resetLCD                      
00000a17  returnCursor                  
2000002c  rightLane                     
0000154b  rightLaneMap                  
20000040  score                         
00000151  setPinsIn                     
000000e9  setPinsOut                    
00000943  setPortLCD                    
00000e29  setupButtons                  
00000dd5  setupNoteScrolling            
00000a33  shiftLCD                      
00000a5b  shiftRightLCD                 
000014e9  strlen                        
20000048  sysClkFreq                    
00000375  writeInstruction              
0000055f  writeInstruction4bit          


GLOBAL SYMBOLS: SORTED BY Symbol Address 

address   name                          
-------   ----                          
00000000  __TI_static_base__            
00000000  interruptVectors              
000000e9  setPinsOut                    
00000151  setPinsIn                     
000001b9  instructionDelay              
000001e7  readBusyFlag                  
00000200  __STACK_SIZE                  
00000375  writeInstruction              
0000055f  writeInstruction4bit          
00000635  commandInstruction            
0000064b  dataInstruction               
00000661  commandInstruction4bit        
00000677  dataInstruction4bit           
0000068d  configLCD                     
00000813  initLCD                       
0000092f  printCharLCD                  
00000943  setPortLCD                    
000009cd  resetLCD                      
000009d7  printStringLCD                
00000a09  clearDisplay                  
00000a17  returnCursor                  
00000a25  newLine                       
00000a33  shiftLCD                      
00000a5b  shiftRightLCD                 
00000a85  SystemCoreClockUpdate         
00000cfd  SystemInit                    
00000dd5  setupNoteScrolling            
00000e29  setupButtons                  
00000ec1  main                          
00000f35  TA1_0_IRQHandler              
00000f35  TA1_0_IRQHandler              
00000fcb  PORT3_IRQHandler              
00000fcb  PORT3_IRQHandler              
0000108d  configHFXT                    
0000112d  error                         
00001175  initDelayTimer                
00001189  delayMicroSec                 
000011f9  delayMilliSec                 
00001221  __aeabi_memcpy                
00001221  __aeabi_memcpy4               
00001221  __aeabi_memcpy8               
00001221  memcpy                        
000012bd  __aeabi_uldivmod              
00001353  __aeabi_idiv0                 
00001353  __aeabi_ldiv0                 
00001355  configLFXT                    
000013d5  __TI_decompress_lzss          
0000143d  __TI_auto_init_nobinit_nopinit
00001481  _c_int00_noargs               
000014b5  __TI_zero_init_nomemset       
000014d1  __aeabi_lmul                  
000014e9  strlen                        
000014fd  __TI_decompress_none          
0000150b  Reset_Handler                 
00001517  ADC14_IRQHandler              
00001517  AES256_IRQHandler             
00001517  BusFault_Handler              
00001517  COMP_E0_IRQHandler            
00001517  COMP_E1_IRQHandler            
00001517  CS_IRQHandler                 
00001517  DMA_ERR_IRQHandler            
00001517  DMA_INT0_IRQHandler           
00001517  DMA_INT1_IRQHandler           
00001517  DMA_INT2_IRQHandler           
00001517  DMA_INT3_IRQHandler           
00001517  DebugMon_Handler              
00001517  Default_Handler               
00001517  EUSCIA0_IRQHandler            
00001517  EUSCIA1_IRQHandler            
00001517  EUSCIA2_IRQHandler            
00001517  EUSCIA3_IRQHandler            
00001517  EUSCIB0_IRQHandler            
00001517  EUSCIB1_IRQHandler            
00001517  EUSCIB2_IRQHandler            
00001517  EUSCIB3_IRQHandler            
00001517  FLCTL_A_IRQHandler            
00001517  FPU_IRQHandler                
00001517  HardFault_Handler             
00001517  LCD_F_IRQHandler              
00001517  MemManage_Handler             
00001517  NMI_Handler                   
00001517  PCM_IRQHandler                
00001517  PORT1_IRQHandler              
00001517  PORT2_IRQHandler              
00001517  PORT4_IRQHandler              
00001517  PORT5_IRQHandler              
00001517  PORT6_IRQHandler              
00001517  PSS_IRQHandler                
00001517  PendSV_Handler                
00001517  RTC_C_IRQHandler              
00001517  SVC_Handler                   
00001517  SysTick_Handler               
00001517  T32_INT1_IRQHandler           
00001517  T32_INT2_IRQHandler           
00001517  T32_INTC_IRQHandler           
00001517  TA0_0_IRQHandler              
00001517  TA0_N_IRQHandler              
00001517  TA1_N_IRQHandler              
00001517  TA2_0_IRQHandler              
00001517  TA2_N_IRQHandler              
00001517  TA3_0_IRQHandler              
00001517  TA3_N_IRQHandler              
00001517  UsageFault_Handler            
00001517  WDT_A_IRQHandler              
00001519  _system_pre_init              
0000151d  C$$EXIT                       
0000151d  abort                         
00001520  leftLaneMap                   
0000154b  rightLaneMap                  
00001578  __TI_Handler_Table_Base       
00001584  __TI_Handler_Table_Limit      
00001598  __TI_CINIT_Base               
000015a8  __TI_CINIT_Limit              
20000000  __start___llvm_prf_cnts       
20000000  __stop___llvm_prf_cnts        
20000000  notelcd                       
2000001c  leftLane                      
2000002c  rightLane                     
2000003c  mapPos                        
20000040  score                         
20000048  sysClkFreq                    
20000050  SystemCoreClock               
2003fe00  __stack                       
20040000  __STACK_END                   
4000480c  WDTCTL_SYM                    
ffffffff  __TI_pprof_out_hndl           
ffffffff  __TI_prof_data_size           
ffffffff  __TI_prof_data_start          
ffffffff  __binit__                     
ffffffff  __c_args__                    
ffffffff  binit                         
UNDEFED   __mpu_init                    
UNDEFED   _system_post_cinit            

[133 symbols]
