******************************************************************************
                  TI ARM Linker PC v20.2.7                     
******************************************************************************
>> Linked Fri May  3 11:55:28 2024

OUTPUT FILE NAME:   <ece230finalSammonR_OlsonM.out>
ENTRY POINT SYMBOL: "_c_int00_noargs"  address: 00000581


MEMORY CONFIGURATION

         name            origin    length      used     unused   attr    fill
----------------------  --------  ---------  --------  --------  ----  --------
  MAIN                  00000000   00200000  00000600  001ffa00  R  X
  INFO                  00200000   00008000  00000000  00008000  R  X
  SRAM_CODE             01000000   00040000  00000204  0003fdfc  RW X
  SRAM_DATA             20000000   00040000  00000204  0003fdfc  RW  


SEGMENT ALLOCATION MAP

run origin  load origin   length   init length attrs members
----------  ----------- ---------- ----------- ----- -------
00000000    00000000    00000600   00000600    r-x
  00000000    00000000    000000e8   000000e8    r-- .intvecs
  000000e8    000000e8    00000500   00000500    r-x .text
  000005e8    000005e8    00000018   00000018    r-- .cinit
20000000    20000000    00000004   00000000    rw-
  20000000    20000000    00000004   00000000    rw- .data
2003fe00    2003fe00    00000200   00000000    rw-
  2003fe00    2003fe00    00000200   00000000    rw- .stack


SECTION ALLOCATION MAP

 output                                  attributes/
section   page    origin      length       input sections
--------  ----  ----------  ----------   ----------------
.intvecs   0    00000000    000000e8     
                  00000000    000000e8     startup_msp432p4111_ccs.obj (.intvecs:retain)

.text      0    000000e8    00000500     
                  000000e8    00000350     system_msp432p4111.obj (.text)
                  00000438    0000009c     rtsv7M4_T_le_v4SPD16_eabi.lib : memcpy_t2.asm.obj (.text)
                  000004d4    00000068                                   : copy_decompress_lzss.c.obj (.text:decompress:lzss:__TI_decompress_lzss)
                  0000053c    00000044                                   : autoinit.c.obj (.text:__TI_auto_init_nobinit_nopinit:__TI_auto_init_nobinit_nopinit)
                  00000580    00000034                                   : boot_cortex_m.c.obj (.text:_c_int00_noargs:_c_int00_noargs)
                  000005b4    00000010     main.obj (.text)
                  000005c4    0000000e     rtsv7M4_T_le_v4SPD16_eabi.lib : copy_decompress_none.c.obj (.text:decompress:none:__TI_decompress_none)
                  000005d2    0000000e     startup_msp432p4111_ccs.obj (.text)
                  000005e0    00000004     rtsv7M4_T_le_v4SPD16_eabi.lib : pre_init.c.obj (.text:_system_pre_init)
                  000005e4    00000004                                   : exit.c.obj (.text:abort:abort)

.cinit     0    000005e8    00000018     
                  000005e8    00000008     (.cinit..data.load) [load image, compression = lzss]
                  000005f0    00000008     (__TI_handler_table)
                  000005f8    00000008     (__TI_cinit_table)

.init_array 
*          0    00000000    00000000     UNINITIALIZED

.binit     0    00000000    00000000     

.data      0    20000000    00000004     UNINITIALIZED
                  20000000    00000004     system_msp432p4111.obj (.data)

.stack     0    2003fe00    00000200     UNINITIALIZED
                  2003fe00    00000004     rtsv7M4_T_le_v4SPD16_eabi.lib : boot_cortex_m.c.obj (.stack)
                  2003fe04    000001fc     --HOLE--

__llvm_prf_cnts 
*          0    20000000    00000000     UNINITIALIZED

MODULE SUMMARY

       Module                        code   ro data   rw data
       ------                        ----   -------   -------
    .\
       system_msp432p4111.obj        848    0         8      
       startup_msp432p4111_ccs.obj   14     232       0      
       main.obj                      16     0         0      
    +--+-----------------------------+------+---------+---------+
       Total:                        878    232       8      
                                                             
    C:\ti\ccs1260\ccs\tools\compiler\ti-cgt-arm_20.2.7.LTS\lib\rtsv7M4_T_le_v4SPD16_eabi.lib
       memcpy_t2.asm.obj             156    0         0      
       copy_decompress_lzss.c.obj    104    0         0      
       autoinit.c.obj                68     0         0      
       boot_cortex_m.c.obj           52     0         0      
       copy_decompress_none.c.obj    14     0         0      
       exit.c.obj                    4      0         0      
       pre_init.c.obj                4      0         0      
    +--+-----------------------------+------+---------+---------+
       Total:                        402    0         0      
                                                             
       Stack:                        0      0         1024   
       Linker Generated:             0      24        0      
    +--+-----------------------------+------+---------+---------+
       Grand Total:                  1280   256       1032   


LINKER GENERATED COPY TABLES

__TI_cinit_table @ 000005f8 records: 1, size/record: 8, table size: 8
	.data: load addr=000005e8, load size=00000008 bytes, run addr=20000000, run size=00000004 bytes, compression=lzss


LINKER GENERATED HANDLER TABLE

__TI_handler_table @ 000005f0 records: 2, size/record: 4, table size: 8
	index: 0, handler: __TI_decompress_lzss
	index: 1, handler: __TI_decompress_none


GLOBAL SYMBOLS: SORTED ALPHABETICALLY BY Name 

address   name                          
-------   ----                          
000005df  ADC14_IRQHandler              
000005df  AES256_IRQHandler             
000005df  BusFault_Handler              
000005e5  C$$EXIT                       
000005df  COMP_E0_IRQHandler            
000005df  COMP_E1_IRQHandler            
000005df  CS_IRQHandler                 
000005df  DMA_ERR_IRQHandler            
000005df  DMA_INT0_IRQHandler           
000005df  DMA_INT1_IRQHandler           
000005df  DMA_INT2_IRQHandler           
000005df  DMA_INT3_IRQHandler           
000005df  DebugMon_Handler              
000005df  Default_Handler               
000005df  EUSCIA0_IRQHandler            
000005df  EUSCIA1_IRQHandler            
000005df  EUSCIA2_IRQHandler            
000005df  EUSCIA3_IRQHandler            
000005df  EUSCIB0_IRQHandler            
000005df  EUSCIB1_IRQHandler            
000005df  EUSCIB2_IRQHandler            
000005df  EUSCIB3_IRQHandler            
000005df  FLCTL_A_IRQHandler            
000005df  FPU_IRQHandler                
000005df  HardFault_Handler             
000005df  LCD_F_IRQHandler              
000005df  MemManage_Handler             
000005df  NMI_Handler                   
000005df  PCM_IRQHandler                
000005df  PORT1_IRQHandler              
000005df  PORT2_IRQHandler              
000005df  PORT3_IRQHandler              
000005df  PORT4_IRQHandler              
000005df  PORT5_IRQHandler              
000005df  PORT6_IRQHandler              
000005df  PSS_IRQHandler                
000005df  PendSV_Handler                
000005df  RTC_C_IRQHandler              
000005d3  Reset_Handler                 
000005df  SVC_Handler                   
000005df  SysTick_Handler               
20000000  SystemCoreClock               
000000e9  SystemCoreClockUpdate         
00000361  SystemInit                    
000005df  T32_INT1_IRQHandler           
000005df  T32_INT2_IRQHandler           
000005df  T32_INTC_IRQHandler           
000005df  TA0_0_IRQHandler              
000005df  TA0_N_IRQHandler              
000005df  TA1_0_IRQHandler              
000005df  TA1_N_IRQHandler              
000005df  TA2_0_IRQHandler              
000005df  TA2_N_IRQHandler              
000005df  TA3_0_IRQHandler              
000005df  TA3_N_IRQHandler              
000005df  UsageFault_Handler            
4000480c  WDTCTL_SYM                    
000005df  WDT_A_IRQHandler              
20040000  __STACK_END                   
00000200  __STACK_SIZE                  
000005f8  __TI_CINIT_Base               
00000600  __TI_CINIT_Limit              
000005f0  __TI_Handler_Table_Base       
000005f8  __TI_Handler_Table_Limit      
0000053d  __TI_auto_init_nobinit_nopinit
000004d5  __TI_decompress_lzss          
000005c5  __TI_decompress_none          
ffffffff  __TI_pprof_out_hndl           
ffffffff  __TI_prof_data_size           
ffffffff  __TI_prof_data_start          
00000000  __TI_static_base__            
00000439  __aeabi_memcpy                
00000439  __aeabi_memcpy4               
00000439  __aeabi_memcpy8               
ffffffff  __binit__                     
ffffffff  __c_args__                    
UNDEFED   __mpu_init                    
2003fe00  __stack                       
20000000  __start___llvm_prf_cnts       
20000000  __stop___llvm_prf_cnts        
00000581  _c_int00_noargs               
UNDEFED   _system_post_cinit            
000005e1  _system_pre_init              
000005e5  abort                         
ffffffff  binit                         
00000000  interruptVectors              
000005b5  main                          
00000439  memcpy                        


GLOBAL SYMBOLS: SORTED BY Symbol Address 

address   name                          
-------   ----                          
00000000  __TI_static_base__            
00000000  interruptVectors              
000000e9  SystemCoreClockUpdate         
00000200  __STACK_SIZE                  
00000361  SystemInit                    
00000439  __aeabi_memcpy                
00000439  __aeabi_memcpy4               
00000439  __aeabi_memcpy8               
00000439  memcpy                        
000004d5  __TI_decompress_lzss          
0000053d  __TI_auto_init_nobinit_nopinit
00000581  _c_int00_noargs               
000005b5  main                          
000005c5  __TI_decompress_none          
000005d3  Reset_Handler                 
000005df  ADC14_IRQHandler              
000005df  AES256_IRQHandler             
000005df  BusFault_Handler              
000005df  COMP_E0_IRQHandler            
000005df  COMP_E1_IRQHandler            
000005df  CS_IRQHandler                 
000005df  DMA_ERR_IRQHandler            
000005df  DMA_INT0_IRQHandler           
000005df  DMA_INT1_IRQHandler           
000005df  DMA_INT2_IRQHandler           
000005df  DMA_INT3_IRQHandler           
000005df  DebugMon_Handler              
000005df  Default_Handler               
000005df  EUSCIA0_IRQHandler            
000005df  EUSCIA1_IRQHandler            
000005df  EUSCIA2_IRQHandler            
000005df  EUSCIA3_IRQHandler            
000005df  EUSCIB0_IRQHandler            
000005df  EUSCIB1_IRQHandler            
000005df  EUSCIB2_IRQHandler            
000005df  EUSCIB3_IRQHandler            
000005df  FLCTL_A_IRQHandler            
000005df  FPU_IRQHandler                
000005df  HardFault_Handler             
000005df  LCD_F_IRQHandler              
000005df  MemManage_Handler             
000005df  NMI_Handler                   
000005df  PCM_IRQHandler                
000005df  PORT1_IRQHandler              
000005df  PORT2_IRQHandler              
000005df  PORT3_IRQHandler              
000005df  PORT4_IRQHandler              
000005df  PORT5_IRQHandler              
000005df  PORT6_IRQHandler              
000005df  PSS_IRQHandler                
000005df  PendSV_Handler                
000005df  RTC_C_IRQHandler              
000005df  SVC_Handler                   
000005df  SysTick_Handler               
000005df  T32_INT1_IRQHandler           
000005df  T32_INT2_IRQHandler           
000005df  T32_INTC_IRQHandler           
000005df  TA0_0_IRQHandler              
000005df  TA0_N_IRQHandler              
000005df  TA1_0_IRQHandler              
000005df  TA1_N_IRQHandler              
000005df  TA2_0_IRQHandler              
000005df  TA2_N_IRQHandler              
000005df  TA3_0_IRQHandler              
000005df  TA3_N_IRQHandler              
000005df  UsageFault_Handler            
000005df  WDT_A_IRQHandler              
000005e1  _system_pre_init              
000005e5  C$$EXIT                       
000005e5  abort                         
000005f0  __TI_Handler_Table_Base       
000005f8  __TI_CINIT_Base               
000005f8  __TI_Handler_Table_Limit      
00000600  __TI_CINIT_Limit              
20000000  SystemCoreClock               
20000000  __start___llvm_prf_cnts       
20000000  __stop___llvm_prf_cnts        
2003fe00  __stack                       
20040000  __STACK_END                   
4000480c  WDTCTL_SYM                    
ffffffff  __TI_pprof_out_hndl           
ffffffff  __TI_prof_data_size           
ffffffff  __TI_prof_data_start          
ffffffff  __binit__                     
ffffffff  __c_args__                    
ffffffff  binit                         
UNDEFED   __mpu_init                    
UNDEFED   _system_post_cinit            

[88 symbols]
