******************************************************************************
                  TI ARM Linker PC v20.2.7                     
******************************************************************************
>> Linked Thu May 23 08:35:00 2024

OUTPUT FILE NAME:   <ece230finalSammonR_OlsonM.out>
ENTRY POINT SYMBOL: "_c_int00_noargs"  address: 00003241


MEMORY CONFIGURATION

         name            origin    length      used     unused   attr    fill
----------------------  --------  ---------  --------  --------  ----  --------
  MAIN                  00000000   00200000  0000390d  001fc6f3  R  X
  INFO                  00200000   00008000  00000000  00008000  R  X
  SRAM_CODE             01000000   00040000  00000bd2  0003f42e  RW X
  SRAM_DATA             20000000   00040000  00000bd2  0003f42e  RW  


SEGMENT ALLOCATION MAP

run origin  load origin   length   init length attrs members
----------  ----------- ---------- ----------- ----- -------
00000000    00000000    00003910   00003910    r-x
  00000000    00000000    000000e8   000000e8    r-- .intvecs
  000000e8    000000e8    000032a0   000032a0    r-x .text
  00003388    00003388    00000555   00000555    r-- .const
  000038e0    000038e0    00000030   00000030    r-- .cinit
20000000    20000000    000009d4   00000000    rw-
  20000000    20000000    000009be   00000000    rw- .bss
  200009c0    200009c0    00000014   00000000    rw- .data
2003fe00    2003fe00    00000200   00000000    rw-
  2003fe00    2003fe00    00000200   00000000    rw- .stack


SECTION ALLOCATION MAP

 output                                  attributes/
section   page    origin      length       input sections
--------  ----  ----------  ----------   ----------------
.intvecs   0    00000000    000000e8     
                  00000000    000000e8     startup_msp432p4111_ccs.obj (.intvecs:retain)

.text      0    000000e8    000032a0     
                  000000e8    00000a4e     rtsv7M4_T_le_v4SPD16_eabi.lib : _printfi.c.obj (.text:__TI_printfi)
                  00000b36    00000002                                   : div0.asm.obj (.text)
                  00000b38    0000099c     multiLCD.obj (.text)
                  000014d4    00000570     main.obj (.text)
                  00001a44    00000350     system_msp432p4111.obj (.text)
                  00001d94    00000270     rtsv7M4_T_le_v4SPD16_eabi.lib : _printfi.c.obj (.text:_pconv_a)
                  00002004    000001d0                                   : _printfi.c.obj (.text:_pconv_g)
                  000021d4    000001b6                                   : fd_add_t2.asm.obj (.text)
                  0000238a    00000002     --HOLE-- [fill = 0]
                  0000238c    0000013c                                   : _printfi.c.obj (.text:_pconv_e)
                  000024c8    00000136                                   : fd_div_t2.asm.obj (.text)
                  000025fe    00000002     --HOLE-- [fill = 0]
                  00002600    00000124                                   : _printfi.c.obj (.text:fcvt)
                  00002724    00000110                                   : s_scalbn.c.obj (.text:scalbn)
                  00002834    000000fc                                   : fd_mul_t2.asm.obj (.text)
                  00002930    000000e8     csHFXT.obj (.text)
                  00002a18    000000b1     rtsv7M4_T_le_v4SPD16_eabi.lib : _printfi.c.obj (.text:_ltostr)
                  00002ac9    00000003     --HOLE-- [fill = 0]
                  00002acc    000000ac     sysTickDelays.obj (.text)
                  00002b78    0000009c     rtsv7M4_T_le_v4SPD16_eabi.lib : memcpy_t2.asm.obj (.text)
                  00002c14    00000096                                   : ull_div_t2.asm.obj (.text)
                  00002caa    00000086                                   : fd_cmp_t2.asm.obj (.text:__aeabi_cdcmple)
                  00002d30    00000086                                   : fd_cmp_t2.asm.obj (.text:__aeabi_cdrcmple)
                  00002db6    00000002     --HOLE-- [fill = 0]
                  00002db8    00000080     csLFXT.obj (.text)
                  00002e38    0000007a     rtsv7M4_T_le_v4SPD16_eabi.lib : memset_t2.asm.obj (.text)
                  00002eb2    0000006e                                   : _printfi.c.obj (.text:_mcpy)
                  00002f20    00000068                                   : copy_decompress_lzss.c.obj (.text:decompress:lzss:__TI_decompress_lzss)
                  00002f88    00000064                                   : s_frexp.c.obj (.text:frexp)
                  00002fec    00000056                                   : _printfi.c.obj (.text:_pconv_f)
                  00003042    00000054                                   : _ltoa.c.obj (.text:__TI_ltoa)
                  00003096    00000052                                   : _printfi.c.obj (.text:_ecpy)
                  000030e8    0000004c                                   : atoi.c.obj (.text:atoi)
                  00003134    00000048                                   : fd_toi_t2.asm.obj (.text)
                  0000317c    00000044                                   : autoinit.c.obj (.text:__TI_auto_init_nobinit_nopinit:__TI_auto_init_nobinit_nopinit)
                  000031c0    00000040                                   : sprintf.c.obj (.text:sprintf)
                  00003200    0000003e                                   : _printfi.c.obj (.text:_fcpy)
                  0000323e    00000002     --HOLE-- [fill = 0]
                  00003240    00000034                                   : boot_cortex_m.c.obj (.text:_c_int00_noargs:_c_int00_noargs)
                  00003274    0000002e                                   : i_tofd_t2.asm.obj (.text)
                  000032a2    0000001c                                   : memccpy.c.obj (.text:memccpy)
                  000032be    0000001a                                   : s_copysign.c.obj (.text:copysign)
                  000032d8    00000018                                   : sprintf.c.obj (.text:_outs)
                  000032f0    00000018                                   : ll_mul_t2.asm.obj (.text)
                  00003308    00000016                                   : strchr.c.obj (.text:strchr)
                  0000331e    00000014                                   : strlen.c.obj (.text:strlen)
                  00003332    00000012                                   : wcslen.c.obj (.text:wcslen)
                  00003344    0000000e                                   : copy_decompress_none.c.obj (.text:decompress:none:__TI_decompress_none)
                  00003352    0000000e     startup_msp432p4111_ccs.obj (.text)
                  00003360    0000000c     rtsv7M4_T_le_v4SPD16_eabi.lib : copy_zero_init.c.obj (.text:decompress:ZI:__TI_zero_init)
                  0000336c    0000000a                                   : sprintf.c.obj (.text:_outc)
                  00003376    00000002     --HOLE-- [fill = 0]
                  00003378    00000008                                   : errno.c.obj (.text:__aeabi_errno_addr)
                  00003380    00000004                                   : pre_init.c.obj (.text:_system_pre_init)
                  00003384    00000004                                   : exit.c.obj (.text:abort:abort)

.const     0    00003388    00000555     
                  00003388    0000022a     main.obj (.const:noteFreqs)
                  000035b2    0000022a     main.obj (.const:notePeriods)
                  000037dc    00000101     rtsv7M4_T_le_v4SPD16_eabi.lib : ctype.c.obj (.const:.string:_ctypes_)

.cinit     0    000038e0    00000030     
                  000038e0    0000000c     (__TI_handler_table)
                  000038ec    0000000b     (.cinit..data.load) [load image, compression = lzss]
                  000038f7    00000001     --HOLE-- [fill = 0]
                  000038f8    00000008     (.cinit..bss.load) [load image, compression = zero_init]
                  00003900    00000010     (__TI_cinit_table)

.init_array 
*          0    00000000    00000000     UNINITIALIZED

.binit     0    00000000    00000000     

.bss       0    20000000    000009be     UNINITIALIZED
                  20000000    000004b0     (.common:leftLaneMap)
                  200004b0    000004b0     (.common:rightLaneMap)
                  20000960    0000001c     (.common:notelcd)
                  2000097c    0000001c     (.common:scorelcd)
                  20000998    00000010     (.common:leftLane)
                  200009a8    00000010     (.common:rightLane)
                  200009b8    00000004     (.common:mapPos)
                  200009bc    00000002     (.common:score)

.data      0    200009c0    00000014     UNINITIALIZED
                  200009c0    00000008     sysTickDelays.obj (.data)
                  200009c8    00000004     main.obj (.data)
                  200009cc    00000004     rtsv7M4_T_le_v4SPD16_eabi.lib : errno.c.obj (.data)
                  200009d0    00000004     system_msp432p4111.obj (.data)

.stack     0    2003fe00    00000200     UNINITIALIZED
                  2003fe00    00000004     rtsv7M4_T_le_v4SPD16_eabi.lib : boot_cortex_m.c.obj (.stack)
                  2003fe04    000001fc     --HOLE--

__llvm_prf_cnts 
*          0    20000000    00000000     UNINITIALIZED

MODULE SUMMARY

       Module                        code    ro data   rw data
       ------                        ----    -------   -------
    .\
       main.obj                      1392    1108      4996   
       multiLCD.obj                  2460    0         0      
       system_msp432p4111.obj        848     0         8      
       startup_msp432p4111_ccs.obj   14      232       0      
       csHFXT.obj                    232     0         0      
       sysTickDelays.obj             172     0         16     
       csLFXT.obj                    128     0         0      
    +--+-----------------------------+-------+---------+---------+
       Total:                        5246    1340      5020   
                                                              
    C:\ti\ccs1260\ccs\tools\compiler\ti-cgt-arm_20.2.7.LTS\lib\rtsv7M4_T_le_v4SPD16_eabi.lib
       _printfi.c.obj                4851    0         0      
       fd_add_t2.asm.obj             438     0         0      
       fd_div_t2.asm.obj             310     0         0      
       s_scalbn.c.obj                272     0         0      
       fd_cmp_t2.asm.obj             268     0         0      
       ctype.c.obj                   0       257       0      
       fd_mul_t2.asm.obj             252     0         0      
       memcpy_t2.asm.obj             156     0         0      
       ull_div_t2.asm.obj            150     0         0      
       memset_t2.asm.obj             122     0         0      
       copy_decompress_lzss.c.obj    104     0         0      
       s_frexp.c.obj                 100     0         0      
       sprintf.c.obj                 98      0         0      
       _ltoa.c.obj                   84      0         0      
       atoi.c.obj                    76      0         0      
       fd_toi_t2.asm.obj             72      0         0      
       autoinit.c.obj                68      0         0      
       boot_cortex_m.c.obj           52      0         0      
       i_tofd_t2.asm.obj             46      0         0      
       memccpy.c.obj                 28      0         0      
       s_copysign.c.obj              26      0         0      
       ll_mul_t2.asm.obj             24      0         0      
       strchr.c.obj                  22      0         0      
       strlen.c.obj                  20      0         0      
       wcslen.c.obj                  18      0         0      
       errno.c.obj                   8       0         8      
       copy_decompress_none.c.obj    14      0         0      
       copy_zero_init.c.obj          12      0         0      
       exit.c.obj                    4       0         0      
       pre_init.c.obj                4       0         0      
       div0.asm.obj                  2       0         0      
    +--+-----------------------------+-------+---------+---------+
       Total:                        7701    257       8      
                                                              
       Stack:                        0       0         1024   
       Linker Generated:             0       47        0      
    +--+-----------------------------+-------+---------+---------+
       Grand Total:                  12947   1644      6052   


LINKER GENERATED COPY TABLES

__TI_cinit_table @ 00003900 records: 2, size/record: 8, table size: 16
	.data: load addr=000038ec, load size=0000000b bytes, run addr=200009c0, run size=00000014 bytes, compression=lzss
	.bss: load addr=000038f8, load size=00000008 bytes, run addr=20000000, run size=000009be bytes, compression=zero_init


LINKER GENERATED HANDLER TABLE

__TI_handler_table @ 000038e0 records: 3, size/record: 4, table size: 12
	index: 0, handler: __TI_decompress_lzss
	index: 1, handler: __TI_decompress_none
	index: 2, handler: __TI_zero_init


GLOBAL SYMBOLS: SORTED ALPHABETICALLY BY Name 

address   name                          
-------   ----                          
0000335f  ADC14_IRQHandler              
0000335f  AES256_IRQHandler             
0000335f  BusFault_Handler              
00003385  C$$EXIT                       
0000335f  COMP_E0_IRQHandler            
0000335f  COMP_E1_IRQHandler            
0000335f  CS_IRQHandler                 
0000335f  DMA_ERR_IRQHandler            
0000335f  DMA_INT0_IRQHandler           
0000335f  DMA_INT1_IRQHandler           
0000335f  DMA_INT2_IRQHandler           
0000335f  DMA_INT3_IRQHandler           
0000335f  DebugMon_Handler              
0000335f  Default_Handler               
0000335f  EUSCIA0_IRQHandler            
0000335f  EUSCIA1_IRQHandler            
0000335f  EUSCIA2_IRQHandler            
0000335f  EUSCIA3_IRQHandler            
0000335f  EUSCIB0_IRQHandler            
0000335f  EUSCIB1_IRQHandler            
0000335f  EUSCIB2_IRQHandler            
0000335f  EUSCIB3_IRQHandler            
0000335f  FLCTL_A_IRQHandler            
0000335f  FPU_IRQHandler                
0000335f  HardFault_Handler             
0000335f  LCD_F_IRQHandler              
0000335f  MemManage_Handler             
0000335f  NMI_Handler                   
0000335f  PCM_IRQHandler                
0000335f  PORT1_IRQHandler              
0000335f  PORT2_IRQHandler              
00001871  PORT3_IRQHandler              
00001871  PORT3_IRQHandler              
0000335f  PORT4_IRQHandler              
0000335f  PORT5_IRQHandler              
0000335f  PORT6_IRQHandler              
0000335f  PSS_IRQHandler                
0000335f  PendSV_Handler                
0000335f  RTC_C_IRQHandler              
00003353  Reset_Handler                 
0000335f  SVC_Handler                   
0000335f  SysTick_Handler               
200009d0  SystemCoreClock               
00001a45  SystemCoreClockUpdate         
00001cbd  SystemInit                    
0000335f  T32_INT1_IRQHandler           
0000335f  T32_INT2_IRQHandler           
0000335f  T32_INTC_IRQHandler           
0000335f  TA0_0_IRQHandler              
0000335f  TA0_N_IRQHandler              
000017ad  TA1_0_IRQHandler              
000017ad  TA1_0_IRQHandler              
0000335f  TA1_N_IRQHandler              
0000335f  TA2_0_IRQHandler              
00001909  TA2_N_IRQHandler              
00001909  TA2_N_IRQHandler              
0000335f  TA3_0_IRQHandler              
0000335f  TA3_N_IRQHandler              
0000335f  UsageFault_Handler            
4000480c  WDTCTL_SYM                    
0000335f  WDT_A_IRQHandler              
20040000  __STACK_END                   
00000200  __STACK_SIZE                  
00003900  __TI_CINIT_Base               
00003910  __TI_CINIT_Limit              
000038e0  __TI_Handler_Table_Base       
000038ec  __TI_Handler_Table_Limit      
0000317d  __TI_auto_init_nobinit_nopinit
00002f21  __TI_decompress_lzss          
00003345  __TI_decompress_none          
00003043  __TI_ltoa                     
ffffffff  __TI_pprof_out_hndl           
000000e9  __TI_printfi                  
ffffffff  __TI_prof_data_size           
ffffffff  __TI_prof_data_start          
00000000  __TI_static_base__            
00003361  __TI_zero_init                
00002cab  __aeabi_cdcmpeq               
00002cab  __aeabi_cdcmple               
00002d31  __aeabi_cdrcmple              
00003135  __aeabi_d2iz                  
000021df  __aeabi_dadd                  
000024c9  __aeabi_ddiv                  
00002835  __aeabi_dmul                  
000021d5  __aeabi_dsub                  
00003379  __aeabi_errno_addr            
00003275  __aeabi_i2d                   
00000b37  __aeabi_idiv0                 
00000b37  __aeabi_ldiv0                 
000032f1  __aeabi_lmul                  
00002e39  __aeabi_memclr                
00002e39  __aeabi_memclr4               
00002e39  __aeabi_memclr8               
00002b79  __aeabi_memcpy                
00002b79  __aeabi_memcpy4               
00002b79  __aeabi_memcpy8               
00002e3b  __aeabi_memset                
00002e3b  __aeabi_memset4               
00002e3b  __aeabi_memset8               
00002c15  __aeabi_uldivmod              
ffffffff  __binit__                     
ffffffff  __c_args__                    
UNDEFED   __mpu_init                    
2003fe00  __stack                       
20000000  __start___llvm_prf_cnts       
20000000  __stop___llvm_prf_cnts        
00003241  _c_int00_noargs               
000037dc  _ctypes_                      
UNDEFED   _system_post_cinit            
00003381  _system_pre_init              
00003385  abort                         
000030e9  atoi                          
ffffffff  binit                         
00001459  clearDisplay                  
00001085  commandInstruction            
000010b1  commandInstruction4bit        
00002931  configHFXT                    
000010dd  configLCD                     
00002db9  configLFXT                    
000032bf  copysign                      
000032bf  copysignl                     
0000109b  dataInstruction               
000010c7  dataInstruction4bit           
00002ae1  delayMicroSec                 
00002b51  delayMilliSec                 
200009cc  errno                         
000029d1  error                         
00002f89  frexp                         
00002f89  frexpl                        
000015c1  generateMap                   
00002acd  initDelayTimer                
00001263  initLCD                       
00000c09  instructionDelay              
00000000  interruptVectors              
00002725  ldexp                         
00002725  ldexpl                        
20000998  leftLane                      
20000000  leftLaneMap                   
00001673  main                          
200009b8  mapPos                        
000032a3  memccpy                       
00002b79  memcpy                        
00002e41  memset                        
00001475  newLine                       
00003388  noteFreqs                     
200009c8  noteIndex                     
000035b2  notePeriods                   
20000960  notelcd                       
0000137f  printCharLCD                  
00001427  printStringLCD                
00000c37  readBusyFlag                  
0000141d  resetLCD                      
00001467  returnCursor                  
200009a8  rightLane                     
200004b0  rightLaneMap                  
00002725  scalbn                        
00002725  scalbnl                       
200009bc  score                         
2000097c  scorelcd                      
00000ba1  setPinsIn                     
00000b39  setPinsOut                    
00001393  setPortLCD                    
00001529  setupButtons                  
000014d5  setupNoteScrolling            
00001483  shiftLCD                      
000014ab  shiftRightLCD                 
000031c1  sprintf                       
00003309  strchr                        
0000331f  strlen                        
200009c0  sysClkFreq                    
00003333  wcslen                        
00000dc5  writeInstruction              
00000faf  writeInstruction4bit          


GLOBAL SYMBOLS: SORTED BY Symbol Address 

address   name                          
-------   ----                          
00000000  __TI_static_base__            
00000000  interruptVectors              
000000e9  __TI_printfi                  
00000200  __STACK_SIZE                  
00000b37  __aeabi_idiv0                 
00000b37  __aeabi_ldiv0                 
00000b39  setPinsOut                    
00000ba1  setPinsIn                     
00000c09  instructionDelay              
00000c37  readBusyFlag                  
00000dc5  writeInstruction              
00000faf  writeInstruction4bit          
00001085  commandInstruction            
0000109b  dataInstruction               
000010b1  commandInstruction4bit        
000010c7  dataInstruction4bit           
000010dd  configLCD                     
00001263  initLCD                       
0000137f  printCharLCD                  
00001393  setPortLCD                    
0000141d  resetLCD                      
00001427  printStringLCD                
00001459  clearDisplay                  
00001467  returnCursor                  
00001475  newLine                       
00001483  shiftLCD                      
000014ab  shiftRightLCD                 
000014d5  setupNoteScrolling            
00001529  setupButtons                  
000015c1  generateMap                   
00001673  main                          
000017ad  TA1_0_IRQHandler              
000017ad  TA1_0_IRQHandler              
00001871  PORT3_IRQHandler              
00001871  PORT3_IRQHandler              
00001909  TA2_N_IRQHandler              
00001909  TA2_N_IRQHandler              
00001a45  SystemCoreClockUpdate         
00001cbd  SystemInit                    
000021d5  __aeabi_dsub                  
000021df  __aeabi_dadd                  
000024c9  __aeabi_ddiv                  
00002725  ldexp                         
00002725  ldexpl                        
00002725  scalbn                        
00002725  scalbnl                       
00002835  __aeabi_dmul                  
00002931  configHFXT                    
000029d1  error                         
00002acd  initDelayTimer                
00002ae1  delayMicroSec                 
00002b51  delayMilliSec                 
00002b79  __aeabi_memcpy                
00002b79  __aeabi_memcpy4               
00002b79  __aeabi_memcpy8               
00002b79  memcpy                        
00002c15  __aeabi_uldivmod              
00002cab  __aeabi_cdcmpeq               
00002cab  __aeabi_cdcmple               
00002d31  __aeabi_cdrcmple              
00002db9  configLFXT                    
00002e39  __aeabi_memclr                
00002e39  __aeabi_memclr4               
00002e39  __aeabi_memclr8               
00002e3b  __aeabi_memset                
00002e3b  __aeabi_memset4               
00002e3b  __aeabi_memset8               
00002e41  memset                        
00002f21  __TI_decompress_lzss          
00002f89  frexp                         
00002f89  frexpl                        
00003043  __TI_ltoa                     
000030e9  atoi                          
00003135  __aeabi_d2iz                  
0000317d  __TI_auto_init_nobinit_nopinit
000031c1  sprintf                       
00003241  _c_int00_noargs               
00003275  __aeabi_i2d                   
000032a3  memccpy                       
000032bf  copysign                      
000032bf  copysignl                     
000032f1  __aeabi_lmul                  
00003309  strchr                        
0000331f  strlen                        
00003333  wcslen                        
00003345  __TI_decompress_none          
00003353  Reset_Handler                 
0000335f  ADC14_IRQHandler              
0000335f  AES256_IRQHandler             
0000335f  BusFault_Handler              
0000335f  COMP_E0_IRQHandler            
0000335f  COMP_E1_IRQHandler            
0000335f  CS_IRQHandler                 
0000335f  DMA_ERR_IRQHandler            
0000335f  DMA_INT0_IRQHandler           
0000335f  DMA_INT1_IRQHandler           
0000335f  DMA_INT2_IRQHandler           
0000335f  DMA_INT3_IRQHandler           
0000335f  DebugMon_Handler              
0000335f  Default_Handler               
0000335f  EUSCIA0_IRQHandler            
0000335f  EUSCIA1_IRQHandler            
0000335f  EUSCIA2_IRQHandler            
0000335f  EUSCIA3_IRQHandler            
0000335f  EUSCIB0_IRQHandler            
0000335f  EUSCIB1_IRQHandler            
0000335f  EUSCIB2_IRQHandler            
0000335f  EUSCIB3_IRQHandler            
0000335f  FLCTL_A_IRQHandler            
0000335f  FPU_IRQHandler                
0000335f  HardFault_Handler             
0000335f  LCD_F_IRQHandler              
0000335f  MemManage_Handler             
0000335f  NMI_Handler                   
0000335f  PCM_IRQHandler                
0000335f  PORT1_IRQHandler              
0000335f  PORT2_IRQHandler              
0000335f  PORT4_IRQHandler              
0000335f  PORT5_IRQHandler              
0000335f  PORT6_IRQHandler              
0000335f  PSS_IRQHandler                
0000335f  PendSV_Handler                
0000335f  RTC_C_IRQHandler              
0000335f  SVC_Handler                   
0000335f  SysTick_Handler               
0000335f  T32_INT1_IRQHandler           
0000335f  T32_INT2_IRQHandler           
0000335f  T32_INTC_IRQHandler           
0000335f  TA0_0_IRQHandler              
0000335f  TA0_N_IRQHandler              
0000335f  TA1_N_IRQHandler              
0000335f  TA2_0_IRQHandler              
0000335f  TA3_0_IRQHandler              
0000335f  TA3_N_IRQHandler              
0000335f  UsageFault_Handler            
0000335f  WDT_A_IRQHandler              
00003361  __TI_zero_init                
00003379  __aeabi_errno_addr            
00003381  _system_pre_init              
00003385  C$$EXIT                       
00003385  abort                         
00003388  noteFreqs                     
000035b2  notePeriods                   
000037dc  _ctypes_                      
000038e0  __TI_Handler_Table_Base       
000038ec  __TI_Handler_Table_Limit      
00003900  __TI_CINIT_Base               
00003910  __TI_CINIT_Limit              
20000000  __start___llvm_prf_cnts       
20000000  __stop___llvm_prf_cnts        
20000000  leftLaneMap                   
200004b0  rightLaneMap                  
20000960  notelcd                       
2000097c  scorelcd                      
20000998  leftLane                      
200009a8  rightLane                     
200009b8  mapPos                        
200009bc  score                         
200009c0  sysClkFreq                    
200009c8  noteIndex                     
200009cc  errno                         
200009d0  SystemCoreClock               
2003fe00  __stack                       
20040000  __STACK_END                   
4000480c  WDTCTL_SYM                    
ffffffff  __TI_pprof_out_hndl           
ffffffff  __TI_prof_data_size           
ffffffff  __TI_prof_data_start          
ffffffff  __binit__                     
ffffffff  __c_args__                    
ffffffff  binit                         
UNDEFED   __mpu_init                    
UNDEFED   _system_post_cinit            

[173 symbols]
