******************************************************************************
                  TI ARM Linker PC v20.2.7                     
******************************************************************************
>> Linked Wed May 22 06:53:24 2024

OUTPUT FILE NAME:   <ece230finalSammonR_OlsonM.out>
ENTRY POINT SYMBOL: "_c_int00_noargs"  address: 00003045


MEMORY CONFIGURATION

         name            origin    length      used     unused   attr    fill
----------------------  --------  ---------  --------  --------  ----  --------
  MAIN                  00000000   00200000  00003323  001fccdd  R  X
  INFO                  00200000   00008000  00000000  00008000  R  X
  SRAM_CODE             01000000   00040000  0000026e  0003fd92  RW X
  SRAM_DATA             20000000   00040000  0000026e  0003fd92  RW  


SEGMENT ALLOCATION MAP

run origin  load origin   length   init length attrs members
----------  ----------- ---------- ----------- ----- -------
00000000    00000000    00003328   00003328    r-x
  00000000    00000000    000000e8   000000e8    r-- .intvecs
  000000e8    000000e8    000030b4   000030b4    r-x .text
  0000319c    0000319c    00000157   00000157    r-- .const
  000032f8    000032f8    00000030   00000030    r-- .cinit
20000000    20000000    00000070   00000000    rw-
  20000000    20000000    0000005e   00000000    rw- .bss
  20000060    20000060    00000010   00000000    rw- .data
2003fe00    2003fe00    00000200   00000000    rw-
  2003fe00    2003fe00    00000200   00000000    rw- .stack


SECTION ALLOCATION MAP

 output                                  attributes/
section   page    origin      length       input sections
--------  ----  ----------  ----------   ----------------
.intvecs   0    00000000    000000e8     
                  00000000    000000e8     startup_msp432p4111_ccs.obj (.intvecs:retain)

.text      0    000000e8    000030b4     
                  000000e8    00000a4e     rtsv7M4_T_le_v4SPD16_eabi.lib : _printfi.c.obj (.text:__TI_printfi)
                  00000b36    00000002                                   : div0.asm.obj (.text)
                  00000b38    0000099c     multiLCD.obj (.text)
                  000014d4    00000374     main.obj (.text)
                  00001848    00000350     system_msp432p4111.obj (.text)
                  00001b98    00000270     rtsv7M4_T_le_v4SPD16_eabi.lib : _printfi.c.obj (.text:_pconv_a)
                  00001e08    000001d0                                   : _printfi.c.obj (.text:_pconv_g)
                  00001fd8    000001b6                                   : fd_add_t2.asm.obj (.text)
                  0000218e    00000002     --HOLE-- [fill = 0]
                  00002190    0000013c                                   : _printfi.c.obj (.text:_pconv_e)
                  000022cc    00000136                                   : fd_div_t2.asm.obj (.text)
                  00002402    00000002     --HOLE-- [fill = 0]
                  00002404    00000124                                   : _printfi.c.obj (.text:fcvt)
                  00002528    00000110                                   : s_scalbn.c.obj (.text:scalbn)
                  00002638    000000fc                                   : fd_mul_t2.asm.obj (.text)
                  00002734    000000e8     csHFXT.obj (.text)
                  0000281c    000000b1     rtsv7M4_T_le_v4SPD16_eabi.lib : _printfi.c.obj (.text:_ltostr)
                  000028cd    00000003     --HOLE-- [fill = 0]
                  000028d0    000000ac     sysTickDelays.obj (.text)
                  0000297c    0000009c     rtsv7M4_T_le_v4SPD16_eabi.lib : memcpy_t2.asm.obj (.text)
                  00002a18    00000096                                   : ull_div_t2.asm.obj (.text)
                  00002aae    00000086                                   : fd_cmp_t2.asm.obj (.text:__aeabi_cdcmple)
                  00002b34    00000086                                   : fd_cmp_t2.asm.obj (.text:__aeabi_cdrcmple)
                  00002bba    00000002     --HOLE-- [fill = 0]
                  00002bbc    00000080     csLFXT.obj (.text)
                  00002c3c    0000007a     rtsv7M4_T_le_v4SPD16_eabi.lib : memset_t2.asm.obj (.text)
                  00002cb6    0000006e                                   : _printfi.c.obj (.text:_mcpy)
                  00002d24    00000068                                   : copy_decompress_lzss.c.obj (.text:decompress:lzss:__TI_decompress_lzss)
                  00002d8c    00000064                                   : s_frexp.c.obj (.text:frexp)
                  00002df0    00000056                                   : _printfi.c.obj (.text:_pconv_f)
                  00002e46    00000054                                   : _ltoa.c.obj (.text:__TI_ltoa)
                  00002e9a    00000052                                   : _printfi.c.obj (.text:_ecpy)
                  00002eec    0000004c                                   : atoi.c.obj (.text:atoi)
                  00002f38    00000048                                   : fd_toi_t2.asm.obj (.text)
                  00002f80    00000044                                   : autoinit.c.obj (.text:__TI_auto_init_nobinit_nopinit:__TI_auto_init_nobinit_nopinit)
                  00002fc4    00000040                                   : sprintf.c.obj (.text:sprintf)
                  00003004    0000003e                                   : _printfi.c.obj (.text:_fcpy)
                  00003042    00000002     --HOLE-- [fill = 0]
                  00003044    00000034                                   : boot_cortex_m.c.obj (.text:_c_int00_noargs:_c_int00_noargs)
                  00003078    0000002e                                   : i_tofd_t2.asm.obj (.text)
                  000030a6    0000001c                                   : copy_zero_init.c.obj (.text:decompress:ZI:__TI_zero_init_nomemset:__TI_zero_init_nomemset)
                  000030c2    0000001c                                   : memccpy.c.obj (.text:memccpy)
                  000030de    0000001a                                   : s_copysign.c.obj (.text:copysign)
                  000030f8    00000018                                   : sprintf.c.obj (.text:_outs)
                  00003110    00000018                                   : ll_mul_t2.asm.obj (.text)
                  00003128    00000016                                   : strchr.c.obj (.text:strchr)
                  0000313e    00000014                                   : strlen.c.obj (.text:strlen)
                  00003152    00000012                                   : wcslen.c.obj (.text:wcslen)
                  00003164    0000000e                                   : copy_decompress_none.c.obj (.text:decompress:none:__TI_decompress_none)
                  00003172    0000000e     startup_msp432p4111_ccs.obj (.text)
                  00003180    0000000a     rtsv7M4_T_le_v4SPD16_eabi.lib : sprintf.c.obj (.text:_outc)
                  0000318a    00000002     --HOLE-- [fill = 0]
                  0000318c    00000008                                   : errno.c.obj (.text:__aeabi_errno_addr)
                  00003194    00000004                                   : pre_init.c.obj (.text:_system_pre_init)
                  00003198    00000004                                   : exit.c.obj (.text:abort:abort)

.const     0    0000319c    00000157     
                  0000319c    00000101     rtsv7M4_T_le_v4SPD16_eabi.lib : ctype.c.obj (.const:.string:_ctypes_)
                  0000329d    0000002b     main.obj (.const:.string:leftLaneMap)
                  000032c8    0000002b     main.obj (.const:.string:rightLaneMap)

.cinit     0    000032f8    00000030     
                  000032f8    0000000c     (__TI_handler_table)
                  00003304    0000000b     (.cinit..data.load) [load image, compression = lzss]
                  0000330f    00000001     --HOLE-- [fill = 0]
                  00003310    00000008     (.cinit..bss.load) [load image, compression = zero_init]
                  00003318    00000010     (__TI_cinit_table)

.init_array 
*          0    00000000    00000000     UNINITIALIZED

.binit     0    00000000    00000000     

.bss       0    20000000    0000005e     UNINITIALIZED
                  20000000    0000001c     (.common:notelcd)
                  2000001c    0000001c     (.common:scorelcd)
                  20000038    00000010     (.common:leftLane)
                  20000048    00000010     (.common:rightLane)
                  20000058    00000004     (.common:mapPos)
                  2000005c    00000002     (.common:score)

.data      0    20000060    00000010     UNINITIALIZED
                  20000060    00000008     sysTickDelays.obj (.data)
                  20000068    00000004     rtsv7M4_T_le_v4SPD16_eabi.lib : errno.c.obj (.data)
                  2000006c    00000004     system_msp432p4111.obj (.data)

.stack     0    2003fe00    00000200     UNINITIALIZED
                  2003fe00    00000004     rtsv7M4_T_le_v4SPD16_eabi.lib : boot_cortex_m.c.obj (.stack)
                  2003fe04    000001fc     --HOLE--

__llvm_prf_cnts 
*          0    20000000    00000000     UNINITIALIZED

MODULE SUMMARY

       Module                        code    ro data   rw data
       ------                        ----    -------   -------
    .\
       multiLCD.obj                  2460    0         0      
       main.obj                      884     86        188    
       system_msp432p4111.obj        848     0         8      
       startup_msp432p4111_ccs.obj   14      232       0      
       csHFXT.obj                    232     0         0      
       sysTickDelays.obj             172     0         16     
       csLFXT.obj                    128     0         0      
    +--+-----------------------------+-------+---------+---------+
       Total:                        4738    318       212    
                                                              
    C:\ti\ccs1260\ccs\tools\compiler\ti-cgt-arm_20.2.7.LTS\lib\rtsv7M4_T_le_v4SPD16_eabi.lib
       _printfi.c.obj                4851    0         0      
       fd_add_t2.asm.obj             438     0         0      
       fd_div_t2.asm.obj             310     0         0      
       s_scalbn.c.obj                272     0         0      
       fd_cmp_t2.asm.obj             268     0         0      
       ctype.c.obj                   0       257       0      
       fd_mul_t2.asm.obj             252     0         0      
       memcpy_t2.asm.obj             156     0         0      
       ull_div_t2.asm.obj            150     0         0      
       memset_t2.asm.obj             122     0         0      
       copy_decompress_lzss.c.obj    104     0         0      
       s_frexp.c.obj                 100     0         0      
       sprintf.c.obj                 98      0         0      
       _ltoa.c.obj                   84      0         0      
       atoi.c.obj                    76      0         0      
       fd_toi_t2.asm.obj             72      0         0      
       autoinit.c.obj                68      0         0      
       boot_cortex_m.c.obj           52      0         0      
       i_tofd_t2.asm.obj             46      0         0      
       copy_zero_init.c.obj          28      0         0      
       memccpy.c.obj                 28      0         0      
       s_copysign.c.obj              26      0         0      
       ll_mul_t2.asm.obj             24      0         0      
       strchr.c.obj                  22      0         0      
       strlen.c.obj                  20      0         0      
       wcslen.c.obj                  18      0         0      
       errno.c.obj                   8       0         8      
       copy_decompress_none.c.obj    14      0         0      
       exit.c.obj                    4       0         0      
       pre_init.c.obj                4       0         0      
       div0.asm.obj                  2       0         0      
    +--+-----------------------------+-------+---------+---------+
       Total:                        7717    257       8      
                                                              
       Stack:                        0       0         1024   
       Linker Generated:             0       47        0      
    +--+-----------------------------+-------+---------+---------+
       Grand Total:                  12455   622       1244   


LINKER GENERATED COPY TABLES

__TI_cinit_table @ 00003318 records: 2, size/record: 8, table size: 16
	.data: load addr=00003304, load size=0000000b bytes, run addr=20000060, run size=00000010 bytes, compression=lzss
	.bss: load addr=00003310, load size=00000008 bytes, run addr=20000000, run size=0000005e bytes, compression=zero_init


LINKER GENERATED HANDLER TABLE

__TI_handler_table @ 000032f8 records: 3, size/record: 4, table size: 12
	index: 0, handler: __TI_decompress_lzss
	index: 1, handler: __TI_decompress_none
	index: 2, handler: __TI_zero_init


GLOBAL SYMBOLS: SORTED ALPHABETICALLY BY Name 

address   name                          
-------   ----                          
0000317f  ADC14_IRQHandler              
0000317f  AES256_IRQHandler             
0000317f  BusFault_Handler              
00003199  C$$EXIT                       
0000317f  COMP_E0_IRQHandler            
0000317f  COMP_E1_IRQHandler            
0000317f  CS_IRQHandler                 
0000317f  DMA_ERR_IRQHandler            
0000317f  DMA_INT0_IRQHandler           
0000317f  DMA_INT1_IRQHandler           
0000317f  DMA_INT2_IRQHandler           
0000317f  DMA_INT3_IRQHandler           
0000317f  DebugMon_Handler              
0000317f  Default_Handler               
0000317f  EUSCIA0_IRQHandler            
0000317f  EUSCIA1_IRQHandler            
0000317f  EUSCIA2_IRQHandler            
0000317f  EUSCIA3_IRQHandler            
0000317f  EUSCIB0_IRQHandler            
0000317f  EUSCIB1_IRQHandler            
0000317f  EUSCIB2_IRQHandler            
0000317f  EUSCIB3_IRQHandler            
0000317f  FLCTL_A_IRQHandler            
0000317f  FPU_IRQHandler                
0000317f  HardFault_Handler             
0000317f  LCD_F_IRQHandler              
0000317f  MemManage_Handler             
0000317f  NMI_Handler                   
0000317f  PCM_IRQHandler                
0000317f  PORT1_IRQHandler              
0000317f  PORT2_IRQHandler              
0000170b  PORT3_IRQHandler              
0000170b  PORT3_IRQHandler              
0000317f  PORT4_IRQHandler              
0000317f  PORT5_IRQHandler              
0000317f  PORT6_IRQHandler              
0000317f  PSS_IRQHandler                
0000317f  PendSV_Handler                
0000317f  RTC_C_IRQHandler              
00003173  Reset_Handler                 
0000317f  SVC_Handler                   
0000317f  SysTick_Handler               
2000006c  SystemCoreClock               
00001849  SystemCoreClockUpdate         
00001ac1  SystemInit                    
0000317f  T32_INT1_IRQHandler           
0000317f  T32_INT2_IRQHandler           
0000317f  T32_INTC_IRQHandler           
0000317f  TA0_0_IRQHandler              
0000317f  TA0_N_IRQHandler              
00001675  TA1_0_IRQHandler              
00001675  TA1_0_IRQHandler              
0000317f  TA1_N_IRQHandler              
0000317f  TA2_0_IRQHandler              
0000317f  TA2_N_IRQHandler              
0000317f  TA3_0_IRQHandler              
0000317f  TA3_N_IRQHandler              
0000317f  UsageFault_Handler            
4000480c  WDTCTL_SYM                    
0000317f  WDT_A_IRQHandler              
20040000  __STACK_END                   
00000200  __STACK_SIZE                  
00003318  __TI_CINIT_Base               
00003328  __TI_CINIT_Limit              
000032f8  __TI_Handler_Table_Base       
00003304  __TI_Handler_Table_Limit      
00002f81  __TI_auto_init_nobinit_nopinit
00002d25  __TI_decompress_lzss          
00003165  __TI_decompress_none          
00002e47  __TI_ltoa                     
ffffffff  __TI_pprof_out_hndl           
000000e9  __TI_printfi                  
ffffffff  __TI_prof_data_size           
ffffffff  __TI_prof_data_start          
00000000  __TI_static_base__            
000030a7  __TI_zero_init_nomemset       
00002aaf  __aeabi_cdcmpeq               
00002aaf  __aeabi_cdcmple               
00002b35  __aeabi_cdrcmple              
00002f39  __aeabi_d2iz                  
00001fe3  __aeabi_dadd                  
000022cd  __aeabi_ddiv                  
00002639  __aeabi_dmul                  
00001fd9  __aeabi_dsub                  
0000318d  __aeabi_errno_addr            
00003079  __aeabi_i2d                   
00000b37  __aeabi_idiv0                 
00000b37  __aeabi_ldiv0                 
00003111  __aeabi_lmul                  
00002c3d  __aeabi_memclr                
00002c3d  __aeabi_memclr4               
00002c3d  __aeabi_memclr8               
0000297d  __aeabi_memcpy                
0000297d  __aeabi_memcpy4               
0000297d  __aeabi_memcpy8               
00002c3f  __aeabi_memset                
00002c3f  __aeabi_memset4               
00002c3f  __aeabi_memset8               
00002a19  __aeabi_uldivmod              
ffffffff  __binit__                     
ffffffff  __c_args__                    
UNDEFED   __mpu_init                    
2003fe00  __stack                       
20000000  __start___llvm_prf_cnts       
20000000  __stop___llvm_prf_cnts        
00003045  _c_int00_noargs               
0000319c  _ctypes_                      
UNDEFED   _system_post_cinit            
00003195  _system_pre_init              
00003199  abort                         
00002eed  atoi                          
ffffffff  binit                         
00001459  clearDisplay                  
00001085  commandInstruction            
000010b1  commandInstruction4bit        
00002735  configHFXT                    
000010dd  configLCD                     
00002bbd  configLFXT                    
000030df  copysign                      
000030df  copysignl                     
0000109b  dataInstruction               
000010c7  dataInstruction4bit           
000028e5  delayMicroSec                 
00002955  delayMilliSec                 
20000068  errno                         
000027d5  error                         
00002d8d  frexp                         
00002d8d  frexpl                        
000028d1  initDelayTimer                
00001263  initLCD                       
00000c09  instructionDelay              
00000000  interruptVectors              
00002529  ldexp                         
00002529  ldexpl                        
20000038  leftLane                      
0000329d  leftLaneMap                   
000015c1  main                          
20000058  mapPos                        
000030c3  memccpy                       
0000297d  memcpy                        
00002c45  memset                        
00001475  newLine                       
20000000  notelcd                       
0000137f  printCharLCD                  
00001427  printStringLCD                
00000c37  readBusyFlag                  
0000141d  resetLCD                      
00001467  returnCursor                  
20000048  rightLane                     
000032c8  rightLaneMap                  
00002529  scalbn                        
00002529  scalbnl                       
2000005c  score                         
2000001c  scorelcd                      
00000ba1  setPinsIn                     
00000b39  setPinsOut                    
00001393  setPortLCD                    
00001529  setupButtons                  
000014d5  setupNoteScrolling            
00001483  shiftLCD                      
000014ab  shiftRightLCD                 
00002fc5  sprintf                       
00003129  strchr                        
0000313f  strlen                        
20000060  sysClkFreq                    
00003153  wcslen                        
00000dc5  writeInstruction              
00000faf  writeInstruction4bit          


GLOBAL SYMBOLS: SORTED BY Symbol Address 

address   name                          
-------   ----                          
00000000  __TI_static_base__            
00000000  interruptVectors              
000000e9  __TI_printfi                  
00000200  __STACK_SIZE                  
00000b37  __aeabi_idiv0                 
00000b37  __aeabi_ldiv0                 
00000b39  setPinsOut                    
00000ba1  setPinsIn                     
00000c09  instructionDelay              
00000c37  readBusyFlag                  
00000dc5  writeInstruction              
00000faf  writeInstruction4bit          
00001085  commandInstruction            
0000109b  dataInstruction               
000010b1  commandInstruction4bit        
000010c7  dataInstruction4bit           
000010dd  configLCD                     
00001263  initLCD                       
0000137f  printCharLCD                  
00001393  setPortLCD                    
0000141d  resetLCD                      
00001427  printStringLCD                
00001459  clearDisplay                  
00001467  returnCursor                  
00001475  newLine                       
00001483  shiftLCD                      
000014ab  shiftRightLCD                 
000014d5  setupNoteScrolling            
00001529  setupButtons                  
000015c1  main                          
00001675  TA1_0_IRQHandler              
00001675  TA1_0_IRQHandler              
0000170b  PORT3_IRQHandler              
0000170b  PORT3_IRQHandler              
00001849  SystemCoreClockUpdate         
00001ac1  SystemInit                    
00001fd9  __aeabi_dsub                  
00001fe3  __aeabi_dadd                  
000022cd  __aeabi_ddiv                  
00002529  ldexp                         
00002529  ldexpl                        
00002529  scalbn                        
00002529  scalbnl                       
00002639  __aeabi_dmul                  
00002735  configHFXT                    
000027d5  error                         
000028d1  initDelayTimer                
000028e5  delayMicroSec                 
00002955  delayMilliSec                 
0000297d  __aeabi_memcpy                
0000297d  __aeabi_memcpy4               
0000297d  __aeabi_memcpy8               
0000297d  memcpy                        
00002a19  __aeabi_uldivmod              
00002aaf  __aeabi_cdcmpeq               
00002aaf  __aeabi_cdcmple               
00002b35  __aeabi_cdrcmple              
00002bbd  configLFXT                    
00002c3d  __aeabi_memclr                
00002c3d  __aeabi_memclr4               
00002c3d  __aeabi_memclr8               
00002c3f  __aeabi_memset                
00002c3f  __aeabi_memset4               
00002c3f  __aeabi_memset8               
00002c45  memset                        
00002d25  __TI_decompress_lzss          
00002d8d  frexp                         
00002d8d  frexpl                        
00002e47  __TI_ltoa                     
00002eed  atoi                          
00002f39  __aeabi_d2iz                  
00002f81  __TI_auto_init_nobinit_nopinit
00002fc5  sprintf                       
00003045  _c_int00_noargs               
00003079  __aeabi_i2d                   
000030a7  __TI_zero_init_nomemset       
000030c3  memccpy                       
000030df  copysign                      
000030df  copysignl                     
00003111  __aeabi_lmul                  
00003129  strchr                        
0000313f  strlen                        
00003153  wcslen                        
00003165  __TI_decompress_none          
00003173  Reset_Handler                 
0000317f  ADC14_IRQHandler              
0000317f  AES256_IRQHandler             
0000317f  BusFault_Handler              
0000317f  COMP_E0_IRQHandler            
0000317f  COMP_E1_IRQHandler            
0000317f  CS_IRQHandler                 
0000317f  DMA_ERR_IRQHandler            
0000317f  DMA_INT0_IRQHandler           
0000317f  DMA_INT1_IRQHandler           
0000317f  DMA_INT2_IRQHandler           
0000317f  DMA_INT3_IRQHandler           
0000317f  DebugMon_Handler              
0000317f  Default_Handler               
0000317f  EUSCIA0_IRQHandler            
0000317f  EUSCIA1_IRQHandler            
0000317f  EUSCIA2_IRQHandler            
0000317f  EUSCIA3_IRQHandler            
0000317f  EUSCIB0_IRQHandler            
0000317f  EUSCIB1_IRQHandler            
0000317f  EUSCIB2_IRQHandler            
0000317f  EUSCIB3_IRQHandler            
0000317f  FLCTL_A_IRQHandler            
0000317f  FPU_IRQHandler                
0000317f  HardFault_Handler             
0000317f  LCD_F_IRQHandler              
0000317f  MemManage_Handler             
0000317f  NMI_Handler                   
0000317f  PCM_IRQHandler                
0000317f  PORT1_IRQHandler              
0000317f  PORT2_IRQHandler              
0000317f  PORT4_IRQHandler              
0000317f  PORT5_IRQHandler              
0000317f  PORT6_IRQHandler              
0000317f  PSS_IRQHandler                
0000317f  PendSV_Handler                
0000317f  RTC_C_IRQHandler              
0000317f  SVC_Handler                   
0000317f  SysTick_Handler               
0000317f  T32_INT1_IRQHandler           
0000317f  T32_INT2_IRQHandler           
0000317f  T32_INTC_IRQHandler           
0000317f  TA0_0_IRQHandler              
0000317f  TA0_N_IRQHandler              
0000317f  TA1_N_IRQHandler              
0000317f  TA2_0_IRQHandler              
0000317f  TA2_N_IRQHandler              
0000317f  TA3_0_IRQHandler              
0000317f  TA3_N_IRQHandler              
0000317f  UsageFault_Handler            
0000317f  WDT_A_IRQHandler              
0000318d  __aeabi_errno_addr            
00003195  _system_pre_init              
00003199  C$$EXIT                       
00003199  abort                         
0000319c  _ctypes_                      
0000329d  leftLaneMap                   
000032c8  rightLaneMap                  
000032f8  __TI_Handler_Table_Base       
00003304  __TI_Handler_Table_Limit      
00003318  __TI_CINIT_Base               
00003328  __TI_CINIT_Limit              
20000000  __start___llvm_prf_cnts       
20000000  __stop___llvm_prf_cnts        
20000000  notelcd                       
2000001c  scorelcd                      
20000038  leftLane                      
20000048  rightLane                     
20000058  mapPos                        
2000005c  score                         
20000060  sysClkFreq                    
20000068  errno                         
2000006c  SystemCoreClock               
2003fe00  __stack                       
20040000  __STACK_END                   
4000480c  WDTCTL_SYM                    
ffffffff  __TI_pprof_out_hndl           
ffffffff  __TI_prof_data_size           
ffffffff  __TI_prof_data_start          
ffffffff  __binit__                     
ffffffff  __c_args__                    
ffffffff  binit                         
UNDEFED   __mpu_init                    
UNDEFED   _system_post_cinit            

[168 symbols]
