******************************************************************************
                  TI ARM Linker PC v20.2.7                     
******************************************************************************
>> Linked Mon May  6 09:40:58 2024

OUTPUT FILE NAME:   <ece230finalSammonR_OlsonM.out>
ENTRY POINT SYMBOL: "_c_int00_noargs"  address: 00000fb5


MEMORY CONFIGURATION

         name            origin    length      used     unused   attr    fill
----------------------  --------  ---------  --------  --------  ----  --------
  MAIN                  00000000   00200000  0000104d  001fefb3  R  X
  INFO                  00200000   00008000  00000000  00008000  R  X
  SRAM_CODE             01000000   00040000  0000020c  0003fdf4  RW X
  SRAM_DATA             20000000   00040000  0000020c  0003fdf4  RW  


SEGMENT ALLOCATION MAP

run origin  load origin   length   init length attrs members
----------  ----------- ---------- ----------- ----- -------
00000000    00000000    00001054   00001054    r-x
  00000000    00000000    000000e8   000000e8    r-- .intvecs
  000000e8    000000e8    00000f3c   00000f3c    r-x .text
  00001024    00001024    0000000d   0000000d    r-- .const
  00001038    00001038    0000001c   0000001c    r-- .cinit
20000000    20000000    0000000c   00000000    rw-
  20000000    20000000    0000000c   00000000    rw- .data
2003fe00    2003fe00    00000200   00000000    rw-
  2003fe00    2003fe00    00000200   00000000    rw- .stack


SECTION ALLOCATION MAP

 output                                  attributes/
section   page    origin      length       input sections
--------  ----  ----------  ----------   ----------------
.intvecs   0    00000000    000000e8     
                  00000000    000000e8     startup_msp432p4111_ccs.obj (.intvecs:retain)

.text      0    000000e8    00000f3c     
                  000000e8    00000788     multiLCD.obj (.text)
                  00000870    00000350     system_msp432p4111.obj (.text)
                  00000bc0    000000e8     csHFXT.obj (.text)
                  00000ca8    000000ac     sysTickDelays.obj (.text)
                  00000d54    0000009c     rtsv7M4_T_le_v4SPD16_eabi.lib : memcpy_t2.asm.obj (.text)
                  00000df0    00000096                                   : ull_div_t2.asm.obj (.text)
                  00000e86    00000002                                   : div0.asm.obj (.text)
                  00000e88    00000080     main.obj (.text)
                  00000f08    00000068     rtsv7M4_T_le_v4SPD16_eabi.lib : copy_decompress_lzss.c.obj (.text:decompress:lzss:__TI_decompress_lzss)
                  00000f70    00000044                                   : autoinit.c.obj (.text:__TI_auto_init_nobinit_nopinit:__TI_auto_init_nobinit_nopinit)
                  00000fb4    00000034                                   : boot_cortex_m.c.obj (.text:_c_int00_noargs:_c_int00_noargs)
                  00000fe8    00000018                                   : ll_mul_t2.asm.obj (.text)
                  00001000    0000000e                                   : copy_decompress_none.c.obj (.text:decompress:none:__TI_decompress_none)
                  0000100e    0000000e     startup_msp432p4111_ccs.obj (.text)
                  0000101c    00000004     rtsv7M4_T_le_v4SPD16_eabi.lib : pre_init.c.obj (.text:_system_pre_init)
                  00001020    00000004                                   : exit.c.obj (.text:abort:abort)

.const     0    00001024    0000000d     
                  00001024    00000008     main.obj (.const:.string:msgOne)
                  0000102c    00000005     main.obj (.const:.string:msgTwo)

.cinit     0    00001038    0000001c     
                  00001038    0000000b     (.cinit..data.load) [load image, compression = lzss]
                  00001043    00000001     --HOLE-- [fill = 0]
                  00001044    00000008     (__TI_handler_table)
                  0000104c    00000008     (__TI_cinit_table)

.init_array 
*          0    00000000    00000000     UNINITIALIZED

.binit     0    00000000    00000000     

.data      0    20000000    0000000c     UNINITIALIZED
                  20000000    00000008     sysTickDelays.obj (.data)
                  20000008    00000004     system_msp432p4111.obj (.data)

.stack     0    2003fe00    00000200     UNINITIALIZED
                  2003fe00    00000004     rtsv7M4_T_le_v4SPD16_eabi.lib : boot_cortex_m.c.obj (.stack)
                  2003fe04    000001fc     --HOLE--

__llvm_prf_cnts 
*          0    20000000    00000000     UNINITIALIZED

MODULE SUMMARY

       Module                        code   ro data   rw data
       ------                        ----   -------   -------
    .\
       multiLCD.obj                  1928   0         0      
       system_msp432p4111.obj        848    0         8      
       startup_msp432p4111_ccs.obj   14     232       0      
       csHFXT.obj                    232    0         0      
       sysTickDelays.obj             172    0         16     
       main.obj                      128    13        0      
    +--+-----------------------------+------+---------+---------+
       Total:                        3322   245       24     
                                                             
    C:\ti\ccs1260\ccs\tools\compiler\ti-cgt-arm_20.2.7.LTS\lib\rtsv7M4_T_le_v4SPD16_eabi.lib
       memcpy_t2.asm.obj             156    0         0      
       ull_div_t2.asm.obj            150    0         0      
       copy_decompress_lzss.c.obj    104    0         0      
       autoinit.c.obj                68     0         0      
       boot_cortex_m.c.obj           52     0         0      
       ll_mul_t2.asm.obj             24     0         0      
       copy_decompress_none.c.obj    14     0         0      
       exit.c.obj                    4      0         0      
       pre_init.c.obj                4      0         0      
       div0.asm.obj                  2      0         0      
    +--+-----------------------------+------+---------+---------+
       Total:                        578    0         0      
                                                             
       Stack:                        0      0         1024   
       Linker Generated:             0      27        0      
    +--+-----------------------------+------+---------+---------+
       Grand Total:                  3900   272       1048   


LINKER GENERATED COPY TABLES

__TI_cinit_table @ 0000104c records: 1, size/record: 8, table size: 8
	.data: load addr=00001038, load size=0000000b bytes, run addr=20000000, run size=0000000c bytes, compression=lzss


LINKER GENERATED HANDLER TABLE

__TI_handler_table @ 00001044 records: 2, size/record: 4, table size: 8
	index: 0, handler: __TI_decompress_lzss
	index: 1, handler: __TI_decompress_none


GLOBAL SYMBOLS: SORTED ALPHABETICALLY BY Name 

address   name                          
-------   ----                          
0000101b  ADC14_IRQHandler              
0000101b  AES256_IRQHandler             
0000101b  BusFault_Handler              
00001021  C$$EXIT                       
0000101b  COMP_E0_IRQHandler            
0000101b  COMP_E1_IRQHandler            
0000101b  CS_IRQHandler                 
0000101b  DMA_ERR_IRQHandler            
0000101b  DMA_INT0_IRQHandler           
0000101b  DMA_INT1_IRQHandler           
0000101b  DMA_INT2_IRQHandler           
0000101b  DMA_INT3_IRQHandler           
0000101b  DebugMon_Handler              
0000101b  Default_Handler               
0000101b  EUSCIA0_IRQHandler            
0000101b  EUSCIA1_IRQHandler            
0000101b  EUSCIA2_IRQHandler            
0000101b  EUSCIA3_IRQHandler            
0000101b  EUSCIB0_IRQHandler            
0000101b  EUSCIB1_IRQHandler            
0000101b  EUSCIB2_IRQHandler            
0000101b  EUSCIB3_IRQHandler            
0000101b  FLCTL_A_IRQHandler            
0000101b  FPU_IRQHandler                
0000101b  HardFault_Handler             
0000101b  LCD_F_IRQHandler              
0000101b  MemManage_Handler             
0000101b  NMI_Handler                   
0000101b  PCM_IRQHandler                
0000101b  PORT1_IRQHandler              
0000101b  PORT2_IRQHandler              
0000101b  PORT3_IRQHandler              
0000101b  PORT4_IRQHandler              
0000101b  PORT5_IRQHandler              
0000101b  PORT6_IRQHandler              
0000101b  PSS_IRQHandler                
0000101b  PendSV_Handler                
0000101b  RTC_C_IRQHandler              
0000100f  Reset_Handler                 
0000101b  SVC_Handler                   
0000101b  SysTick_Handler               
20000008  SystemCoreClock               
00000871  SystemCoreClockUpdate         
00000ae9  SystemInit                    
0000101b  T32_INT1_IRQHandler           
0000101b  T32_INT2_IRQHandler           
0000101b  T32_INTC_IRQHandler           
0000101b  TA0_0_IRQHandler              
0000101b  TA0_N_IRQHandler              
0000101b  TA1_0_IRQHandler              
0000101b  TA1_N_IRQHandler              
0000101b  TA2_0_IRQHandler              
0000101b  TA2_N_IRQHandler              
0000101b  TA3_0_IRQHandler              
0000101b  TA3_N_IRQHandler              
0000101b  UsageFault_Handler            
4000480c  WDTCTL_SYM                    
0000101b  WDT_A_IRQHandler              
20040000  __STACK_END                   
00000200  __STACK_SIZE                  
0000104c  __TI_CINIT_Base               
00001054  __TI_CINIT_Limit              
00001044  __TI_Handler_Table_Base       
0000104c  __TI_Handler_Table_Limit      
00000f71  __TI_auto_init_nobinit_nopinit
00000f09  __TI_decompress_lzss          
00001001  __TI_decompress_none          
ffffffff  __TI_pprof_out_hndl           
ffffffff  __TI_prof_data_size           
ffffffff  __TI_prof_data_start          
00000000  __TI_static_base__            
00000e87  __aeabi_idiv0                 
00000e87  __aeabi_ldiv0                 
00000fe9  __aeabi_lmul                  
00000d55  __aeabi_memcpy                
00000d55  __aeabi_memcpy4               
00000d55  __aeabi_memcpy8               
00000df1  __aeabi_uldivmod              
ffffffff  __binit__                     
ffffffff  __c_args__                    
UNDEFED   __mpu_init                    
2003fe00  __stack                       
20000000  __start___llvm_prf_cnts       
20000000  __stop___llvm_prf_cnts        
00000fb5  _c_int00_noargs               
UNDEFED   _system_post_cinit            
0000101d  _system_pre_init              
00001021  abort                         
ffffffff  binit                         
000007f3  clearDisplay                  
00000485  commandInstruction            
000004b1  commandInstruction4bit        
00000bc1  configHFXT                    
000004dd  configLCD                     
0000049b  dataInstruction               
000004c7  dataInstruction4bit           
00000cbd  delayMicroSec                 
00000d2d  delayMilliSec                 
00000c61  error                         
00000ca9  initDelayTimer                
00000631  initLCD                       
000001b9  instructionDelay              
00000000  interruptVectors              
00000e89  main                          
00000d55  memcpy                        
00001024  msgOne                        
0000102c  msgTwo                        
0000080f  newLine                       
00000719  printCharLCD                  
000007c1  printStringLCD                
000007b7  resetLCD                      
00000801  returnCursor                  
00000151  setPinsIn                     
000000e9  setPinsOut                    
0000072d  setPortLCD                    
0000081d  shiftLCD                      
00000845  shiftRightLCD                 
20000000  sysClkFreq                    
000001e7  writeInstruction              
000003b5  writeInstruction4bit          


GLOBAL SYMBOLS: SORTED BY Symbol Address 

address   name                          
-------   ----                          
00000000  __TI_static_base__            
00000000  interruptVectors              
000000e9  setPinsOut                    
00000151  setPinsIn                     
000001b9  instructionDelay              
000001e7  writeInstruction              
00000200  __STACK_SIZE                  
000003b5  writeInstruction4bit          
00000485  commandInstruction            
0000049b  dataInstruction               
000004b1  commandInstruction4bit        
000004c7  dataInstruction4bit           
000004dd  configLCD                     
00000631  initLCD                       
00000719  printCharLCD                  
0000072d  setPortLCD                    
000007b7  resetLCD                      
000007c1  printStringLCD                
000007f3  clearDisplay                  
00000801  returnCursor                  
0000080f  newLine                       
0000081d  shiftLCD                      
00000845  shiftRightLCD                 
00000871  SystemCoreClockUpdate         
00000ae9  SystemInit                    
00000bc1  configHFXT                    
00000c61  error                         
00000ca9  initDelayTimer                
00000cbd  delayMicroSec                 
00000d2d  delayMilliSec                 
00000d55  __aeabi_memcpy                
00000d55  __aeabi_memcpy4               
00000d55  __aeabi_memcpy8               
00000d55  memcpy                        
00000df1  __aeabi_uldivmod              
00000e87  __aeabi_idiv0                 
00000e87  __aeabi_ldiv0                 
00000e89  main                          
00000f09  __TI_decompress_lzss          
00000f71  __TI_auto_init_nobinit_nopinit
00000fb5  _c_int00_noargs               
00000fe9  __aeabi_lmul                  
00001001  __TI_decompress_none          
0000100f  Reset_Handler                 
0000101b  ADC14_IRQHandler              
0000101b  AES256_IRQHandler             
0000101b  BusFault_Handler              
0000101b  COMP_E0_IRQHandler            
0000101b  COMP_E1_IRQHandler            
0000101b  CS_IRQHandler                 
0000101b  DMA_ERR_IRQHandler            
0000101b  DMA_INT0_IRQHandler           
0000101b  DMA_INT1_IRQHandler           
0000101b  DMA_INT2_IRQHandler           
0000101b  DMA_INT3_IRQHandler           
0000101b  DebugMon_Handler              
0000101b  Default_Handler               
0000101b  EUSCIA0_IRQHandler            
0000101b  EUSCIA1_IRQHandler            
0000101b  EUSCIA2_IRQHandler            
0000101b  EUSCIA3_IRQHandler            
0000101b  EUSCIB0_IRQHandler            
0000101b  EUSCIB1_IRQHandler            
0000101b  EUSCIB2_IRQHandler            
0000101b  EUSCIB3_IRQHandler            
0000101b  FLCTL_A_IRQHandler            
0000101b  FPU_IRQHandler                
0000101b  HardFault_Handler             
0000101b  LCD_F_IRQHandler              
0000101b  MemManage_Handler             
0000101b  NMI_Handler                   
0000101b  PCM_IRQHandler                
0000101b  PORT1_IRQHandler              
0000101b  PORT2_IRQHandler              
0000101b  PORT3_IRQHandler              
0000101b  PORT4_IRQHandler              
0000101b  PORT5_IRQHandler              
0000101b  PORT6_IRQHandler              
0000101b  PSS_IRQHandler                
0000101b  PendSV_Handler                
0000101b  RTC_C_IRQHandler              
0000101b  SVC_Handler                   
0000101b  SysTick_Handler               
0000101b  T32_INT1_IRQHandler           
0000101b  T32_INT2_IRQHandler           
0000101b  T32_INTC_IRQHandler           
0000101b  TA0_0_IRQHandler              
0000101b  TA0_N_IRQHandler              
0000101b  TA1_0_IRQHandler              
0000101b  TA1_N_IRQHandler              
0000101b  TA2_0_IRQHandler              
0000101b  TA2_N_IRQHandler              
0000101b  TA3_0_IRQHandler              
0000101b  TA3_N_IRQHandler              
0000101b  UsageFault_Handler            
0000101b  WDT_A_IRQHandler              
0000101d  _system_pre_init              
00001021  C$$EXIT                       
00001021  abort                         
00001024  msgOne                        
0000102c  msgTwo                        
00001044  __TI_Handler_Table_Base       
0000104c  __TI_CINIT_Base               
0000104c  __TI_Handler_Table_Limit      
00001054  __TI_CINIT_Limit              
20000000  __start___llvm_prf_cnts       
20000000  __stop___llvm_prf_cnts        
20000000  sysClkFreq                    
20000008  SystemCoreClock               
2003fe00  __stack                       
20040000  __STACK_END                   
4000480c  WDTCTL_SYM                    
ffffffff  __TI_pprof_out_hndl           
ffffffff  __TI_prof_data_size           
ffffffff  __TI_prof_data_start          
ffffffff  __binit__                     
ffffffff  __c_args__                    
ffffffff  binit                         
UNDEFED   __mpu_init                    
UNDEFED   _system_post_cinit            

[120 symbols]
