******************************************************************************
                  TI ARM Linker PC v20.2.7                     
******************************************************************************
>> Linked Thu May 23 07:33:09 2024

OUTPUT FILE NAME:   <ece230finalSammonR_OlsonM.out>
ENTRY POINT SYMBOL: "_c_int00_noargs"  address: 00003171


MEMORY CONFIGURATION

         name            origin    length      used     unused   attr    fill
----------------------  --------  ---------  --------  --------  ----  --------
  MAIN                  00000000   00200000  000038a3  001fc75d  R  X
  INFO                  00200000   00008000  00000000  00008000  R  X
  SRAM_CODE             01000000   00040000  00000272  0003fd8e  RW X
  SRAM_DATA             20000000   00040000  00000272  0003fd8e  RW  


SEGMENT ALLOCATION MAP

run origin  load origin   length   init length attrs members
----------  ----------- ---------- ----------- ----- -------
00000000    00000000    000038a8   000038a8    r-x
  00000000    00000000    000000e8   000000e8    r-- .intvecs
  000000e8    000000e8    000031e0   000031e0    r-x .text
  000032c8    000032c8    000005ab   000005ab    r-- .const
  00003878    00003878    00000030   00000030    r-- .cinit
20000000    20000000    00000074   00000000    rw-
  20000000    20000000    0000005e   00000000    rw- .bss
  20000060    20000060    00000014   00000000    rw- .data
2003fe00    2003fe00    00000200   00000000    rw-
  2003fe00    2003fe00    00000200   00000000    rw- .stack


SECTION ALLOCATION MAP

 output                                  attributes/
section   page    origin      length       input sections
--------  ----  ----------  ----------   ----------------
.intvecs   0    00000000    000000e8     
                  00000000    000000e8     startup_msp432p4111_ccs.obj (.intvecs:retain)

.text      0    000000e8    000031e0     
                  000000e8    00000a4e     rtsv7M4_T_le_v4SPD16_eabi.lib : _printfi.c.obj (.text:__TI_printfi)
                  00000b36    00000002                                   : div0.asm.obj (.text)
                  00000b38    0000099c     multiLCD.obj (.text)
                  000014d4    000004a0     main.obj (.text)
                  00001974    00000350     system_msp432p4111.obj (.text)
                  00001cc4    00000270     rtsv7M4_T_le_v4SPD16_eabi.lib : _printfi.c.obj (.text:_pconv_a)
                  00001f34    000001d0                                   : _printfi.c.obj (.text:_pconv_g)
                  00002104    000001b6                                   : fd_add_t2.asm.obj (.text)
                  000022ba    00000002     --HOLE-- [fill = 0]
                  000022bc    0000013c                                   : _printfi.c.obj (.text:_pconv_e)
                  000023f8    00000136                                   : fd_div_t2.asm.obj (.text)
                  0000252e    00000002     --HOLE-- [fill = 0]
                  00002530    00000124                                   : _printfi.c.obj (.text:fcvt)
                  00002654    00000110                                   : s_scalbn.c.obj (.text:scalbn)
                  00002764    000000fc                                   : fd_mul_t2.asm.obj (.text)
                  00002860    000000e8     csHFXT.obj (.text)
                  00002948    000000b1     rtsv7M4_T_le_v4SPD16_eabi.lib : _printfi.c.obj (.text:_ltostr)
                  000029f9    00000003     --HOLE-- [fill = 0]
                  000029fc    000000ac     sysTickDelays.obj (.text)
                  00002aa8    0000009c     rtsv7M4_T_le_v4SPD16_eabi.lib : memcpy_t2.asm.obj (.text)
                  00002b44    00000096                                   : ull_div_t2.asm.obj (.text)
                  00002bda    00000086                                   : fd_cmp_t2.asm.obj (.text:__aeabi_cdcmple)
                  00002c60    00000086                                   : fd_cmp_t2.asm.obj (.text:__aeabi_cdrcmple)
                  00002ce6    00000002     --HOLE-- [fill = 0]
                  00002ce8    00000080     csLFXT.obj (.text)
                  00002d68    0000007a     rtsv7M4_T_le_v4SPD16_eabi.lib : memset_t2.asm.obj (.text)
                  00002de2    0000006e                                   : _printfi.c.obj (.text:_mcpy)
                  00002e50    00000068                                   : copy_decompress_lzss.c.obj (.text:decompress:lzss:__TI_decompress_lzss)
                  00002eb8    00000064                                   : s_frexp.c.obj (.text:frexp)
                  00002f1c    00000056                                   : _printfi.c.obj (.text:_pconv_f)
                  00002f72    00000054                                   : _ltoa.c.obj (.text:__TI_ltoa)
                  00002fc6    00000052                                   : _printfi.c.obj (.text:_ecpy)
                  00003018    0000004c                                   : atoi.c.obj (.text:atoi)
                  00003064    00000048                                   : fd_toi_t2.asm.obj (.text)
                  000030ac    00000044                                   : autoinit.c.obj (.text:__TI_auto_init_nobinit_nopinit:__TI_auto_init_nobinit_nopinit)
                  000030f0    00000040                                   : sprintf.c.obj (.text:sprintf)
                  00003130    0000003e                                   : _printfi.c.obj (.text:_fcpy)
                  0000316e    00000002     --HOLE-- [fill = 0]
                  00003170    00000034                                   : boot_cortex_m.c.obj (.text:_c_int00_noargs:_c_int00_noargs)
                  000031a4    0000002e                                   : i_tofd_t2.asm.obj (.text)
                  000031d2    0000001c                                   : copy_zero_init.c.obj (.text:decompress:ZI:__TI_zero_init_nomemset:__TI_zero_init_nomemset)
                  000031ee    0000001c                                   : memccpy.c.obj (.text:memccpy)
                  0000320a    0000001a                                   : s_copysign.c.obj (.text:copysign)
                  00003224    00000018                                   : sprintf.c.obj (.text:_outs)
                  0000323c    00000018                                   : ll_mul_t2.asm.obj (.text)
                  00003254    00000016                                   : strchr.c.obj (.text:strchr)
                  0000326a    00000014                                   : strlen.c.obj (.text:strlen)
                  0000327e    00000012                                   : wcslen.c.obj (.text:wcslen)
                  00003290    0000000e                                   : copy_decompress_none.c.obj (.text:decompress:none:__TI_decompress_none)
                  0000329e    0000000e     startup_msp432p4111_ccs.obj (.text)
                  000032ac    0000000a     rtsv7M4_T_le_v4SPD16_eabi.lib : sprintf.c.obj (.text:_outc)
                  000032b6    00000002     --HOLE-- [fill = 0]
                  000032b8    00000008                                   : errno.c.obj (.text:__aeabi_errno_addr)
                  000032c0    00000004                                   : pre_init.c.obj (.text:_system_pre_init)
                  000032c4    00000004                                   : exit.c.obj (.text:abort:abort)

.const     0    000032c8    000005ab     
                  000032c8    0000022a     main.obj (.const:noteFreqs)
                  000034f2    0000022a     main.obj (.const:notePeriods)
                  0000371c    00000101     rtsv7M4_T_le_v4SPD16_eabi.lib : ctype.c.obj (.const:.string:_ctypes_)
                  0000381d    0000002b     main.obj (.const:.string:leftLaneMap)
                  00003848    0000002b     main.obj (.const:.string:rightLaneMap)

.cinit     0    00003878    00000030     
                  00003878    0000000c     (__TI_handler_table)
                  00003884    0000000b     (.cinit..data.load) [load image, compression = lzss]
                  0000388f    00000001     --HOLE-- [fill = 0]
                  00003890    00000008     (.cinit..bss.load) [load image, compression = zero_init]
                  00003898    00000010     (__TI_cinit_table)

.init_array 
*          0    00000000    00000000     UNINITIALIZED

.binit     0    00000000    00000000     

.bss       0    20000000    0000005e     UNINITIALIZED
                  20000000    0000001c     (.common:notelcd)
                  2000001c    0000001c     (.common:scorelcd)
                  20000038    00000010     (.common:leftLane)
                  20000048    00000010     (.common:rightLane)
                  20000058    00000004     (.common:mapPos)
                  2000005c    00000002     (.common:score)

.data      0    20000060    00000014     UNINITIALIZED
                  20000060    00000008     sysTickDelays.obj (.data)
                  20000068    00000004     main.obj (.data)
                  2000006c    00000004     rtsv7M4_T_le_v4SPD16_eabi.lib : errno.c.obj (.data)
                  20000070    00000004     system_msp432p4111.obj (.data)

.stack     0    2003fe00    00000200     UNINITIALIZED
                  2003fe00    00000004     rtsv7M4_T_le_v4SPD16_eabi.lib : boot_cortex_m.c.obj (.stack)
                  2003fe04    000001fc     --HOLE--

__llvm_prf_cnts 
*          0    20000000    00000000     UNINITIALIZED

MODULE SUMMARY

       Module                        code    ro data   rw data
       ------                        ----    -------   -------
    .\
       main.obj                      1184    1194      196    
       multiLCD.obj                  2460    0         0      
       system_msp432p4111.obj        848     0         8      
       startup_msp432p4111_ccs.obj   14      232       0      
       csHFXT.obj                    232     0         0      
       sysTickDelays.obj             172     0         16     
       csLFXT.obj                    128     0         0      
    +--+-----------------------------+-------+---------+---------+
       Total:                        5038    1426      220    
                                                              
    C:\ti\ccs1260\ccs\tools\compiler\ti-cgt-arm_20.2.7.LTS\lib\rtsv7M4_T_le_v4SPD16_eabi.lib
       _printfi.c.obj                4851    0         0      
       fd_add_t2.asm.obj             438     0         0      
       fd_div_t2.asm.obj             310     0         0      
       s_scalbn.c.obj                272     0         0      
       fd_cmp_t2.asm.obj             268     0         0      
       ctype.c.obj                   0       257       0      
       fd_mul_t2.asm.obj             252     0         0      
       memcpy_t2.asm.obj             156     0         0      
       ull_div_t2.asm.obj            150     0         0      
       memset_t2.asm.obj             122     0         0      
       copy_decompress_lzss.c.obj    104     0         0      
       s_frexp.c.obj                 100     0         0      
       sprintf.c.obj                 98      0         0      
       _ltoa.c.obj                   84      0         0      
       atoi.c.obj                    76      0         0      
       fd_toi_t2.asm.obj             72      0         0      
       autoinit.c.obj                68      0         0      
       boot_cortex_m.c.obj           52      0         0      
       i_tofd_t2.asm.obj             46      0         0      
       copy_zero_init.c.obj          28      0         0      
       memccpy.c.obj                 28      0         0      
       s_copysign.c.obj              26      0         0      
       ll_mul_t2.asm.obj             24      0         0      
       strchr.c.obj                  22      0         0      
       strlen.c.obj                  20      0         0      
       wcslen.c.obj                  18      0         0      
       errno.c.obj                   8       0         8      
       copy_decompress_none.c.obj    14      0         0      
       exit.c.obj                    4       0         0      
       pre_init.c.obj                4       0         0      
       div0.asm.obj                  2       0         0      
    +--+-----------------------------+-------+---------+---------+
       Total:                        7717    257       8      
                                                              
       Stack:                        0       0         1024   
       Linker Generated:             0       47        0      
    +--+-----------------------------+-------+---------+---------+
       Grand Total:                  12755   1730      1252   


LINKER GENERATED COPY TABLES

__TI_cinit_table @ 00003898 records: 2, size/record: 8, table size: 16
	.data: load addr=00003884, load size=0000000b bytes, run addr=20000060, run size=00000014 bytes, compression=lzss
	.bss: load addr=00003890, load size=00000008 bytes, run addr=20000000, run size=0000005e bytes, compression=zero_init


LINKER GENERATED HANDLER TABLE

__TI_handler_table @ 00003878 records: 3, size/record: 4, table size: 12
	index: 0, handler: __TI_decompress_lzss
	index: 1, handler: __TI_decompress_none
	index: 2, handler: __TI_zero_init


GLOBAL SYMBOLS: SORTED ALPHABETICALLY BY Name 

address   name                          
-------   ----                          
000032ab  ADC14_IRQHandler              
000032ab  AES256_IRQHandler             
000032ab  BusFault_Handler              
000032c5  C$$EXIT                       
000032ab  COMP_E0_IRQHandler            
000032ab  COMP_E1_IRQHandler            
000032ab  CS_IRQHandler                 
000032ab  DMA_ERR_IRQHandler            
000032ab  DMA_INT0_IRQHandler           
000032ab  DMA_INT1_IRQHandler           
000032ab  DMA_INT2_IRQHandler           
000032ab  DMA_INT3_IRQHandler           
000032ab  DebugMon_Handler              
000032ab  Default_Handler               
000032ab  EUSCIA0_IRQHandler            
000032ab  EUSCIA1_IRQHandler            
000032ab  EUSCIA2_IRQHandler            
000032ab  EUSCIA3_IRQHandler            
000032ab  EUSCIB0_IRQHandler            
000032ab  EUSCIB1_IRQHandler            
000032ab  EUSCIB2_IRQHandler            
000032ab  EUSCIB3_IRQHandler            
000032ab  FLCTL_A_IRQHandler            
000032ab  FPU_IRQHandler                
000032ab  HardFault_Handler             
000032ab  LCD_F_IRQHandler              
000032ab  MemManage_Handler             
000032ab  NMI_Handler                   
000032ab  PCM_IRQHandler                
000032ab  PORT1_IRQHandler              
000032ab  PORT2_IRQHandler              
00001781  PORT3_IRQHandler              
00001781  PORT3_IRQHandler              
000032ab  PORT4_IRQHandler              
000032ab  PORT5_IRQHandler              
000032ab  PORT6_IRQHandler              
000032ab  PSS_IRQHandler                
000032ab  PendSV_Handler                
000032ab  RTC_C_IRQHandler              
0000329f  Reset_Handler                 
000032ab  SVC_Handler                   
000032ab  SysTick_Handler               
20000070  SystemCoreClock               
00001975  SystemCoreClockUpdate         
00001bed  SystemInit                    
000032ab  T32_INT1_IRQHandler           
000032ab  T32_INT2_IRQHandler           
000032ab  T32_INTC_IRQHandler           
000032ab  TA0_0_IRQHandler              
000032ab  TA0_N_IRQHandler              
000016df  TA1_0_IRQHandler              
000016df  TA1_0_IRQHandler              
000032ab  TA1_N_IRQHandler              
000032ab  TA2_0_IRQHandler              
0000183d  TA2_N_IRQHandler              
0000183d  TA2_N_IRQHandler              
000032ab  TA3_0_IRQHandler              
000032ab  TA3_N_IRQHandler              
000032ab  UsageFault_Handler            
4000480c  WDTCTL_SYM                    
000032ab  WDT_A_IRQHandler              
20040000  __STACK_END                   
00000200  __STACK_SIZE                  
00003898  __TI_CINIT_Base               
000038a8  __TI_CINIT_Limit              
00003878  __TI_Handler_Table_Base       
00003884  __TI_Handler_Table_Limit      
000030ad  __TI_auto_init_nobinit_nopinit
00002e51  __TI_decompress_lzss          
00003291  __TI_decompress_none          
00002f73  __TI_ltoa                     
ffffffff  __TI_pprof_out_hndl           
000000e9  __TI_printfi                  
ffffffff  __TI_prof_data_size           
ffffffff  __TI_prof_data_start          
00000000  __TI_static_base__            
000031d3  __TI_zero_init_nomemset       
00002bdb  __aeabi_cdcmpeq               
00002bdb  __aeabi_cdcmple               
00002c61  __aeabi_cdrcmple              
00003065  __aeabi_d2iz                  
0000210f  __aeabi_dadd                  
000023f9  __aeabi_ddiv                  
00002765  __aeabi_dmul                  
00002105  __aeabi_dsub                  
000032b9  __aeabi_errno_addr            
000031a5  __aeabi_i2d                   
00000b37  __aeabi_idiv0                 
00000b37  __aeabi_ldiv0                 
0000323d  __aeabi_lmul                  
00002d69  __aeabi_memclr                
00002d69  __aeabi_memclr4               
00002d69  __aeabi_memclr8               
00002aa9  __aeabi_memcpy                
00002aa9  __aeabi_memcpy4               
00002aa9  __aeabi_memcpy8               
00002d6b  __aeabi_memset                
00002d6b  __aeabi_memset4               
00002d6b  __aeabi_memset8               
00002b45  __aeabi_uldivmod              
ffffffff  __binit__                     
ffffffff  __c_args__                    
UNDEFED   __mpu_init                    
2003fe00  __stack                       
20000000  __start___llvm_prf_cnts       
20000000  __stop___llvm_prf_cnts        
00003171  _c_int00_noargs               
0000371c  _ctypes_                      
UNDEFED   _system_post_cinit            
000032c1  _system_pre_init              
000032c5  abort                         
00003019  atoi                          
ffffffff  binit                         
00001459  clearDisplay                  
00001085  commandInstruction            
000010b1  commandInstruction4bit        
00002861  configHFXT                    
000010dd  configLCD                     
00002ce9  configLFXT                    
0000320b  copysign                      
0000320b  copysignl                     
0000109b  dataInstruction               
000010c7  dataInstruction4bit           
00002a11  delayMicroSec                 
00002a81  delayMilliSec                 
2000006c  errno                         
00002901  error                         
00002eb9  frexp                         
00002eb9  frexpl                        
000029fd  initDelayTimer                
00001263  initLCD                       
00000c09  instructionDelay              
00000000  interruptVectors              
00002655  ldexp                         
00002655  ldexpl                        
20000038  leftLane                      
0000381d  leftLaneMap                   
000015c1  main                          
20000058  mapPos                        
000031ef  memccpy                       
00002aa9  memcpy                        
00002d71  memset                        
00001475  newLine                       
000032c8  noteFreqs                     
20000068  noteIndex                     
000034f2  notePeriods                   
20000000  notelcd                       
0000137f  printCharLCD                  
00001427  printStringLCD                
00000c37  readBusyFlag                  
0000141d  resetLCD                      
00001467  returnCursor                  
20000048  rightLane                     
00003848  rightLaneMap                  
00002655  scalbn                        
00002655  scalbnl                       
2000005c  score                         
2000001c  scorelcd                      
00000ba1  setPinsIn                     
00000b39  setPinsOut                    
00001393  setPortLCD                    
00001529  setupButtons                  
000014d5  setupNoteScrolling            
00001483  shiftLCD                      
000014ab  shiftRightLCD                 
000030f1  sprintf                       
00003255  strchr                        
0000326b  strlen                        
20000060  sysClkFreq                    
0000327f  wcslen                        
00000dc5  writeInstruction              
00000faf  writeInstruction4bit          


GLOBAL SYMBOLS: SORTED BY Symbol Address 

address   name                          
-------   ----                          
00000000  __TI_static_base__            
00000000  interruptVectors              
000000e9  __TI_printfi                  
00000200  __STACK_SIZE                  
00000b37  __aeabi_idiv0                 
00000b37  __aeabi_ldiv0                 
00000b39  setPinsOut                    
00000ba1  setPinsIn                     
00000c09  instructionDelay              
00000c37  readBusyFlag                  
00000dc5  writeInstruction              
00000faf  writeInstruction4bit          
00001085  commandInstruction            
0000109b  dataInstruction               
000010b1  commandInstruction4bit        
000010c7  dataInstruction4bit           
000010dd  configLCD                     
00001263  initLCD                       
0000137f  printCharLCD                  
00001393  setPortLCD                    
0000141d  resetLCD                      
00001427  printStringLCD                
00001459  clearDisplay                  
00001467  returnCursor                  
00001475  newLine                       
00001483  shiftLCD                      
000014ab  shiftRightLCD                 
000014d5  setupNoteScrolling            
00001529  setupButtons                  
000015c1  main                          
000016df  TA1_0_IRQHandler              
000016df  TA1_0_IRQHandler              
00001781  PORT3_IRQHandler              
00001781  PORT3_IRQHandler              
0000183d  TA2_N_IRQHandler              
0000183d  TA2_N_IRQHandler              
00001975  SystemCoreClockUpdate         
00001bed  SystemInit                    
00002105  __aeabi_dsub                  
0000210f  __aeabi_dadd                  
000023f9  __aeabi_ddiv                  
00002655  ldexp                         
00002655  ldexpl                        
00002655  scalbn                        
00002655  scalbnl                       
00002765  __aeabi_dmul                  
00002861  configHFXT                    
00002901  error                         
000029fd  initDelayTimer                
00002a11  delayMicroSec                 
00002a81  delayMilliSec                 
00002aa9  __aeabi_memcpy                
00002aa9  __aeabi_memcpy4               
00002aa9  __aeabi_memcpy8               
00002aa9  memcpy                        
00002b45  __aeabi_uldivmod              
00002bdb  __aeabi_cdcmpeq               
00002bdb  __aeabi_cdcmple               
00002c61  __aeabi_cdrcmple              
00002ce9  configLFXT                    
00002d69  __aeabi_memclr                
00002d69  __aeabi_memclr4               
00002d69  __aeabi_memclr8               
00002d6b  __aeabi_memset                
00002d6b  __aeabi_memset4               
00002d6b  __aeabi_memset8               
00002d71  memset                        
00002e51  __TI_decompress_lzss          
00002eb9  frexp                         
00002eb9  frexpl                        
00002f73  __TI_ltoa                     
00003019  atoi                          
00003065  __aeabi_d2iz                  
000030ad  __TI_auto_init_nobinit_nopinit
000030f1  sprintf                       
00003171  _c_int00_noargs               
000031a5  __aeabi_i2d                   
000031d3  __TI_zero_init_nomemset       
000031ef  memccpy                       
0000320b  copysign                      
0000320b  copysignl                     
0000323d  __aeabi_lmul                  
00003255  strchr                        
0000326b  strlen                        
0000327f  wcslen                        
00003291  __TI_decompress_none          
0000329f  Reset_Handler                 
000032ab  ADC14_IRQHandler              
000032ab  AES256_IRQHandler             
000032ab  BusFault_Handler              
000032ab  COMP_E0_IRQHandler            
000032ab  COMP_E1_IRQHandler            
000032ab  CS_IRQHandler                 
000032ab  DMA_ERR_IRQHandler            
000032ab  DMA_INT0_IRQHandler           
000032ab  DMA_INT1_IRQHandler           
000032ab  DMA_INT2_IRQHandler           
000032ab  DMA_INT3_IRQHandler           
000032ab  DebugMon_Handler              
000032ab  Default_Handler               
000032ab  EUSCIA0_IRQHandler            
000032ab  EUSCIA1_IRQHandler            
000032ab  EUSCIA2_IRQHandler            
000032ab  EUSCIA3_IRQHandler            
000032ab  EUSCIB0_IRQHandler            
000032ab  EUSCIB1_IRQHandler            
000032ab  EUSCIB2_IRQHandler            
000032ab  EUSCIB3_IRQHandler            
000032ab  FLCTL_A_IRQHandler            
000032ab  FPU_IRQHandler                
000032ab  HardFault_Handler             
000032ab  LCD_F_IRQHandler              
000032ab  MemManage_Handler             
000032ab  NMI_Handler                   
000032ab  PCM_IRQHandler                
000032ab  PORT1_IRQHandler              
000032ab  PORT2_IRQHandler              
000032ab  PORT4_IRQHandler              
000032ab  PORT5_IRQHandler              
000032ab  PORT6_IRQHandler              
000032ab  PSS_IRQHandler                
000032ab  PendSV_Handler                
000032ab  RTC_C_IRQHandler              
000032ab  SVC_Handler                   
000032ab  SysTick_Handler               
000032ab  T32_INT1_IRQHandler           
000032ab  T32_INT2_IRQHandler           
000032ab  T32_INTC_IRQHandler           
000032ab  TA0_0_IRQHandler              
000032ab  TA0_N_IRQHandler              
000032ab  TA1_N_IRQHandler              
000032ab  TA2_0_IRQHandler              
000032ab  TA3_0_IRQHandler              
000032ab  TA3_N_IRQHandler              
000032ab  UsageFault_Handler            
000032ab  WDT_A_IRQHandler              
000032b9  __aeabi_errno_addr            
000032c1  _system_pre_init              
000032c5  C$$EXIT                       
000032c5  abort                         
000032c8  noteFreqs                     
000034f2  notePeriods                   
0000371c  _ctypes_                      
0000381d  leftLaneMap                   
00003848  rightLaneMap                  
00003878  __TI_Handler_Table_Base       
00003884  __TI_Handler_Table_Limit      
00003898  __TI_CINIT_Base               
000038a8  __TI_CINIT_Limit              
20000000  __start___llvm_prf_cnts       
20000000  __stop___llvm_prf_cnts        
20000000  notelcd                       
2000001c  scorelcd                      
20000038  leftLane                      
20000048  rightLane                     
20000058  mapPos                        
2000005c  score                         
20000060  sysClkFreq                    
20000068  noteIndex                     
2000006c  errno                         
20000070  SystemCoreClock               
2003fe00  __stack                       
20040000  __STACK_END                   
4000480c  WDTCTL_SYM                    
ffffffff  __TI_pprof_out_hndl           
ffffffff  __TI_prof_data_size           
ffffffff  __TI_prof_data_start          
ffffffff  __binit__                     
ffffffff  __c_args__                    
ffffffff  binit                         
UNDEFED   __mpu_init                    
UNDEFED   _system_post_cinit            

[172 symbols]
